[0.373s] Invoking command in '/home/rehmaan/sensor_fusion/build/sensors_data': CMAKE_PREFIX_PATH=/home/rehmaan/sensor_fusion/install/custom_interfaces:/home/rehmaan/sensor_fusion/install/sensors_data:/home/rehmaan/ros2-projects/install/my_robot_bringup:/home/rehmaan/ros2-projects/install/my_cpp_pkg:/home/rehmaan/ros2-projects/install/my_robot_interfaces:/home/rehmaan/ros2-projects/src/my_cpp_pkg/install/my_cpp_pkg:/home/rehmaan/ros2/install/launch_turtle_project:/home/rehmaan/ros2/install/cpp_pkg:/home/rehmaan/ros2/install/my_custom_interfaces:/opt/ros/jazzy/opt/gz_math_vendor:/opt/ros/jazzy/opt/gz_utils_vendor:/opt/ros/jazzy/opt/gz_cmake_vendor:/home/rehmaan/ros2-projects/install/turtlesim_project:/home/rehmaan/ros2-projects/install/my_py_pkg:/home/rehmaan/ros2/install/py_pkg:/opt/ros/jazzy /usr/bin/cmake --build /home/rehmaan/sensor_fusion/build/sensors_data -- -j12 -l12
[0.452s] [ 25%] [32mBuilding CXX object CMakeFiles/battery_node.dir/src/battery.cpp.o[0m
[0.455s] [ 50%] [32mBuilding CXX object CMakeFiles/odometry_node.dir/src/odometry.cpp.o[0m
[8.134s] [ 75%] [32m[1mLinking CXX executable odometry_node[0m
[8.269s] [100%] [32m[1mLinking CXX executable battery_node[0m
[8.644s] [100%] Built target odometry_node
[8.874s] [100%] Built target battery_node
[8.892s] Invoked command in '/home/rehmaan/sensor_fusion/build/sensors_data' returned '0': CMAKE_PREFIX_PATH=/home/rehmaan/sensor_fusion/install/custom_interfaces:/home/rehmaan/sensor_fusion/install/sensors_data:/home/rehmaan/ros2-projects/install/my_robot_bringup:/home/rehmaan/ros2-projects/install/my_cpp_pkg:/home/rehmaan/ros2-projects/install/my_robot_interfaces:/home/rehmaan/ros2-projects/src/my_cpp_pkg/install/my_cpp_pkg:/home/rehmaan/ros2/install/launch_turtle_project:/home/rehmaan/ros2/install/cpp_pkg:/home/rehmaan/ros2/install/my_custom_interfaces:/opt/ros/jazzy/opt/gz_math_vendor:/opt/ros/jazzy/opt/gz_utils_vendor:/opt/ros/jazzy/opt/gz_cmake_vendor:/home/rehmaan/ros2-projects/install/turtlesim_project:/home/rehmaan/ros2-projects/install/my_py_pkg:/home/rehmaan/ros2/install/py_pkg:/opt/ros/jazzy /usr/bin/cmake --build /home/rehmaan/sensor_fusion/build/sensors_data -- -j12 -l12
[8.895s] Invoking command in '/home/rehmaan/sensor_fusion/build/sensors_data': CMAKE_PREFIX_PATH=/home/rehmaan/sensor_fusion/install/custom_interfaces:/home/rehmaan/sensor_fusion/install/sensors_data:/home/rehmaan/ros2-projects/install/my_robot_bringup:/home/rehmaan/ros2-projects/install/my_cpp_pkg:/home/rehmaan/ros2-projects/install/my_robot_interfaces:/home/rehmaan/ros2-projects/src/my_cpp_pkg/install/my_cpp_pkg:/home/rehmaan/ros2/install/launch_turtle_project:/home/rehmaan/ros2/install/cpp_pkg:/home/rehmaan/ros2/install/my_custom_interfaces:/opt/ros/jazzy/opt/gz_math_vendor:/opt/ros/jazzy/opt/gz_utils_vendor:/opt/ros/jazzy/opt/gz_cmake_vendor:/home/rehmaan/ros2-projects/install/turtlesim_project:/home/rehmaan/ros2-projects/install/my_py_pkg:/home/rehmaan/ros2/install/py_pkg:/opt/ros/jazzy /usr/bin/cmake --install /home/rehmaan/sensor_fusion/build/sensors_data
[8.904s] -- Install configuration: ""
[8.905s] -- Installing: /home/rehmaan/sensor_fusion/install/sensors_data/lib/sensors_data/odometry_node
[8.912s] -- Set non-toolchain portion of runtime path of "/home/rehmaan/sensor_fusion/install/sensors_data/lib/sensors_data/odometry_node" to ""
[8.912s] -- Installing: /home/rehmaan/sensor_fusion/install/sensors_data/lib/sensors_data/battery_node
[8.916s] -- Set non-toolchain portion of runtime path of "/home/rehmaan/sensor_fusion/install/sensors_data/lib/sensors_data/battery_node" to ""
[8.917s] -- Up-to-date: /home/rehmaan/sensor_fusion/install/sensors_data/share/ament_index/resource_index/package_run_dependencies/sensors_data
[8.918s] -- Up-to-date: /home/rehmaan/sensor_fusion/install/sensors_data/share/ament_index/resource_index/parent_prefix_path/sensors_data
[8.918s] -- Up-to-date: /home/rehmaan/sensor_fusion/install/sensors_data/share/sensors_data/environment/ament_prefix_path.sh
[8.918s] -- Up-to-date: /home/rehmaan/sensor_fusion/install/sensors_data/share/sensors_data/environment/ament_prefix_path.dsv
[8.918s] -- Up-to-date: /home/rehmaan/sensor_fusion/install/sensors_data/share/sensors_data/environment/path.sh
[8.918s] -- Up-to-date: /home/rehmaan/sensor_fusion/install/sensors_data/share/sensors_data/environment/path.dsv
[8.918s] -- Up-to-date: /home/rehmaan/sensor_fusion/install/sensors_data/share/sensors_data/local_setup.bash
[8.918s] -- Up-to-date: /home/rehmaan/sensor_fusion/install/sensors_data/share/sensors_data/local_setup.sh
[8.918s] -- Up-to-date: /home/rehmaan/sensor_fusion/install/sensors_data/share/sensors_data/local_setup.zsh
[8.918s] -- Up-to-date: /home/rehmaan/sensor_fusion/install/sensors_data/share/sensors_data/local_setup.dsv
[8.918s] -- Installing: /home/rehmaan/sensor_fusion/install/sensors_data/share/sensors_data/package.dsv
[8.918s] -- Up-to-date: /home/rehmaan/sensor_fusion/install/sensors_data/share/ament_index/resource_index/packages/sensors_data
[8.919s] -- Up-to-date: /home/rehmaan/sensor_fusion/install/sensors_data/share/sensors_data/cmake/sensors_dataConfig.cmake
[8.919s] -- Up-to-date: /home/rehmaan/sensor_fusion/install/sensors_data/share/sensors_data/cmake/sensors_dataConfig-version.cmake
[8.920s] -- Up-to-date: /home/rehmaan/sensor_fusion/install/sensors_data/share/sensors_data/package.xml
[8.922s] Invoked command in '/home/rehmaan/sensor_fusion/build/sensors_data' returned '0': CMAKE_PREFIX_PATH=/home/rehmaan/sensor_fusion/install/custom_interfaces:/home/rehmaan/sensor_fusion/install/sensors_data:/home/rehmaan/ros2-projects/install/my_robot_bringup:/home/rehmaan/ros2-projects/install/my_cpp_pkg:/home/rehmaan/ros2-projects/install/my_robot_interfaces:/home/rehmaan/ros2-projects/src/my_cpp_pkg/install/my_cpp_pkg:/home/rehmaan/ros2/install/launch_turtle_project:/home/rehmaan/ros2/install/cpp_pkg:/home/rehmaan/ros2/install/my_custom_interfaces:/opt/ros/jazzy/opt/gz_math_vendor:/opt/ros/jazzy/opt/gz_utils_vendor:/opt/ros/jazzy/opt/gz_cmake_vendor:/home/rehmaan/ros2-projects/install/turtlesim_project:/home/rehmaan/ros2-projects/install/my_py_pkg:/home/rehmaan/ros2/install/py_pkg:/opt/ros/jazzy /usr/bin/cmake --install /home/rehmaan/sensor_fusion/build/sensors_data
