[1.336s] DEBUG:colcon:Command line arguments: ['/usr/bin/colcon', 'build']
[1.336s] DEBUG:colcon:Parsed command line arguments: Namespace(log_base=None, log_level=None, verb_name='build', build_base='build', install_base='install', merge_install=False, symlink_install=False, test_result_base=None, continue_on_error=False, executor='parallel', parallel_workers=12, event_handlers=None, ignore_user_meta=False, metas=['./colcon.meta'], base_paths=['.'], packages_ignore=None, packages_ignore_regex=None, paths=None, packages_up_to=None, packages_up_to_regex=None, packages_above=None, packages_above_and_dependencies=None, packages_above_depth=None, packages_select_by_dep=None, packages_skip_by_dep=None, packages_skip_up_to=None, packages_select_build_failed=False, packages_skip_build_finished=False, packages_select_test_failures=False, packages_skip_test_passed=False, packages_select=None, packages_skip=None, packages_select_regex=None, packages_skip_regex=None, packages_start=None, packages_end=None, allow_overriding=[], cmake_args=None, cmake_target=None, cmake_target_skip_unavailable=False, cmake_clean_cache=False, cmake_clean_first=False, cmake_force_configure=False, ament_cmake_args=None, catkin_cmake_args=None, catkin_skip_building_tests=False, mixin_files=None, mixin=None, verb_parser=<colcon_mixin.mixin.mixin_argument.MixinArgumentDecorator object at 0x7f8665593530>, verb_extension=<colcon_core.verb.build.BuildVerb object at 0x7f86655932f0>, main=<bound method BuildVerb.main of <colcon_core.verb.build.BuildVerb object at 0x7f86655932f0>>, mixin_verb=('build',))
[1.421s] Level 1:colcon.colcon_core.package_discovery:discover_packages(colcon_meta) check parameters
[1.421s] Level 1:colcon.colcon_core.package_discovery:discover_packages(recursive) check parameters
[1.421s] Level 1:colcon.colcon_core.package_discovery:discover_packages(ignore) check parameters
[1.421s] Level 1:colcon.colcon_core.package_discovery:discover_packages(path) check parameters
[1.421s] Level 1:colcon.colcon_core.package_discovery:discover_packages(colcon_meta) discover
[1.421s] Level 1:colcon.colcon_core.package_discovery:discover_packages(recursive) discover
[1.421s] INFO:colcon.colcon_core.package_discovery:Crawling recursively for packages in '/home/rehmaan/sensor_fusion'
[1.422s] Level 1:colcon.colcon_core.package_identification:_identify(.) by extensions ['ignore', 'ignore_ament_install']
[1.422s] Level 1:colcon.colcon_core.package_identification:_identify(.) by extension 'ignore'
[1.422s] Level 1:colcon.colcon_core.package_identification:_identify(.) by extension 'ignore_ament_install'
[1.422s] Level 1:colcon.colcon_core.package_identification:_identify(.) by extensions ['colcon_pkg']
[1.422s] Level 1:colcon.colcon_core.package_identification:_identify(.) by extension 'colcon_pkg'
[1.422s] Level 1:colcon.colcon_core.package_identification:_identify(.) by extensions ['colcon_meta']
[1.422s] Level 1:colcon.colcon_core.package_identification:_identify(.) by extension 'colcon_meta'
[1.422s] Level 1:colcon.colcon_core.package_identification:_identify(.) by extensions ['ros']
[1.422s] Level 1:colcon.colcon_core.package_identification:_identify(.) by extension 'ros'
[1.495s] Level 1:colcon.colcon_core.package_identification:_identify(.) by extensions ['cmake', 'python']
[1.495s] Level 1:colcon.colcon_core.package_identification:_identify(.) by extension 'cmake'
[1.495s] Level 1:colcon.colcon_core.package_identification:_identify(.) by extension 'python'
[1.495s] Level 1:colcon.colcon_core.package_identification:_identify(.) by extensions ['python_setup_py']
[1.495s] Level 1:colcon.colcon_core.package_identification:_identify(.) by extension 'python_setup_py'
[1.496s] Level 1:colcon.colcon_core.package_identification:_identify(build) by extensions ['ignore', 'ignore_ament_install']
[1.496s] Level 1:colcon.colcon_core.package_identification:_identify(build) by extension 'ignore'
[1.497s] Level 1:colcon.colcon_core.package_identification:_identify(build) ignored
[1.497s] Level 1:colcon.colcon_core.package_identification:_identify(include) by extensions ['ignore', 'ignore_ament_install']
[1.498s] Level 1:colcon.colcon_core.package_identification:_identify(include) by extension 'ignore'
[1.498s] Level 1:colcon.colcon_core.package_identification:_identify(include) by extension 'ignore_ament_install'
[1.498s] Level 1:colcon.colcon_core.package_identification:_identify(include) by extensions ['colcon_pkg']
[1.498s] Level 1:colcon.colcon_core.package_identification:_identify(include) by extension 'colcon_pkg'
[1.498s] Level 1:colcon.colcon_core.package_identification:_identify(include) by extensions ['colcon_meta']
[1.498s] Level 1:colcon.colcon_core.package_identification:_identify(include) by extension 'colcon_meta'
[1.498s] Level 1:colcon.colcon_core.package_identification:_identify(include) by extensions ['ros']
[1.498s] Level 1:colcon.colcon_core.package_identification:_identify(include) by extension 'ros'
[1.499s] Level 1:colcon.colcon_core.package_identification:_identify(include) by extensions ['cmake', 'python']
[1.499s] Level 1:colcon.colcon_core.package_identification:_identify(include) by extension 'cmake'
[1.499s] Level 1:colcon.colcon_core.package_identification:_identify(include) by extension 'python'
[1.499s] Level 1:colcon.colcon_core.package_identification:_identify(include) by extensions ['python_setup_py']
[1.499s] Level 1:colcon.colcon_core.package_identification:_identify(include) by extension 'python_setup_py'
[1.499s] Level 1:colcon.colcon_core.package_identification:_identify(include/sensor_fusion) by extensions ['ignore', 'ignore_ament_install']
[1.499s] Level 1:colcon.colcon_core.package_identification:_identify(include/sensor_fusion) by extension 'ignore'
[1.500s] Level 1:colcon.colcon_core.package_identification:_identify(include/sensor_fusion) by extension 'ignore_ament_install'
[1.500s] Level 1:colcon.colcon_core.package_identification:_identify(include/sensor_fusion) by extensions ['colcon_pkg']
[1.500s] Level 1:colcon.colcon_core.package_identification:_identify(include/sensor_fusion) by extension 'colcon_pkg'
[1.500s] Level 1:colcon.colcon_core.package_identification:_identify(include/sensor_fusion) by extensions ['colcon_meta']
[1.500s] Level 1:colcon.colcon_core.package_identification:_identify(include/sensor_fusion) by extension 'colcon_meta'
[1.500s] Level 1:colcon.colcon_core.package_identification:_identify(include/sensor_fusion) by extensions ['ros']
[1.500s] Level 1:colcon.colcon_core.package_identification:_identify(include/sensor_fusion) by extension 'ros'
[1.500s] Level 1:colcon.colcon_core.package_identification:_identify(include/sensor_fusion) by extensions ['cmake', 'python']
[1.500s] Level 1:colcon.colcon_core.package_identification:_identify(include/sensor_fusion) by extension 'cmake'
[1.500s] Level 1:colcon.colcon_core.package_identification:_identify(include/sensor_fusion) by extension 'python'
[1.500s] Level 1:colcon.colcon_core.package_identification:_identify(include/sensor_fusion) by extensions ['python_setup_py']
[1.500s] Level 1:colcon.colcon_core.package_identification:_identify(include/sensor_fusion) by extension 'python_setup_py'
[1.500s] Level 1:colcon.colcon_core.package_identification:_identify(install) by extensions ['ignore', 'ignore_ament_install']
[1.501s] Level 1:colcon.colcon_core.package_identification:_identify(install) by extension 'ignore'
[1.501s] Level 1:colcon.colcon_core.package_identification:_identify(install) ignored
[1.501s] Level 1:colcon.colcon_core.package_identification:_identify(log) by extensions ['ignore', 'ignore_ament_install']
[1.501s] Level 1:colcon.colcon_core.package_identification:_identify(log) by extension 'ignore'
[1.501s] Level 1:colcon.colcon_core.package_identification:_identify(log) ignored
[1.501s] Level 1:colcon.colcon_core.package_identification:_identify(src) by extensions ['ignore', 'ignore_ament_install']
[1.501s] Level 1:colcon.colcon_core.package_identification:_identify(src) by extension 'ignore'
[1.501s] Level 1:colcon.colcon_core.package_identification:_identify(src) by extension 'ignore_ament_install'
[1.501s] Level 1:colcon.colcon_core.package_identification:_identify(src) by extensions ['colcon_pkg']
[1.502s] Level 1:colcon.colcon_core.package_identification:_identify(src) by extension 'colcon_pkg'
[1.502s] Level 1:colcon.colcon_core.package_identification:_identify(src) by extensions ['colcon_meta']
[1.502s] Level 1:colcon.colcon_core.package_identification:_identify(src) by extension 'colcon_meta'
[1.502s] Level 1:colcon.colcon_core.package_identification:_identify(src) by extensions ['ros']
[1.502s] Level 1:colcon.colcon_core.package_identification:_identify(src) by extension 'ros'
[1.502s] Level 1:colcon.colcon_core.package_identification:_identify(src) by extensions ['cmake', 'python']
[1.502s] Level 1:colcon.colcon_core.package_identification:_identify(src) by extension 'cmake'
[1.502s] Level 1:colcon.colcon_core.package_identification:_identify(src) by extension 'python'
[1.502s] Level 1:colcon.colcon_core.package_identification:_identify(src) by extensions ['python_setup_py']
[1.502s] Level 1:colcon.colcon_core.package_identification:_identify(src) by extension 'python_setup_py'
[1.502s] Level 1:colcon.colcon_core.package_identification:_identify(src/custom_interfaces) by extensions ['ignore', 'ignore_ament_install']
[1.502s] Level 1:colcon.colcon_core.package_identification:_identify(src/custom_interfaces) by extension 'ignore'
[1.502s] Level 1:colcon.colcon_core.package_identification:_identify(src/custom_interfaces) by extension 'ignore_ament_install'
[1.502s] Level 1:colcon.colcon_core.package_identification:_identify(src/custom_interfaces) by extensions ['colcon_pkg']
[1.502s] Level 1:colcon.colcon_core.package_identification:_identify(src/custom_interfaces) by extension 'colcon_pkg'
[1.502s] Level 1:colcon.colcon_core.package_identification:_identify(src/custom_interfaces) by extensions ['colcon_meta']
[1.502s] Level 1:colcon.colcon_core.package_identification:_identify(src/custom_interfaces) by extension 'colcon_meta'
[1.503s] Level 1:colcon.colcon_core.package_identification:_identify(src/custom_interfaces) by extensions ['ros']
[1.503s] Level 1:colcon.colcon_core.package_identification:_identify(src/custom_interfaces) by extension 'ros'
[1.510s] DEBUG:colcon.colcon_core.package_identification:Package 'src/custom_interfaces' with type 'ros.ament_cmake' and name 'custom_interfaces'
[1.511s] Level 1:colcon.colcon_core.package_identification:_identify(src/sensors_data) by extensions ['ignore', 'ignore_ament_install']
[1.511s] Level 1:colcon.colcon_core.package_identification:_identify(src/sensors_data) by extension 'ignore'
[1.512s] Level 1:colcon.colcon_core.package_identification:_identify(src/sensors_data) by extension 'ignore_ament_install'
[1.512s] Level 1:colcon.colcon_core.package_identification:_identify(src/sensors_data) by extensions ['colcon_pkg']
[1.512s] Level 1:colcon.colcon_core.package_identification:_identify(src/sensors_data) by extension 'colcon_pkg'
[1.512s] Level 1:colcon.colcon_core.package_identification:_identify(src/sensors_data) by extensions ['colcon_meta']
[1.513s] Level 1:colcon.colcon_core.package_identification:_identify(src/sensors_data) by extension 'colcon_meta'
[1.513s] Level 1:colcon.colcon_core.package_identification:_identify(src/sensors_data) by extensions ['ros']
[1.513s] Level 1:colcon.colcon_core.package_identification:_identify(src/sensors_data) by extension 'ros'
[1.515s] DEBUG:colcon.colcon_core.package_identification:Package 'src/sensors_data' with type 'ros.ament_cmake' and name 'sensors_data'
[1.515s] Level 1:colcon.colcon_core.package_discovery:discover_packages(recursive) using defaults
[1.515s] Level 1:colcon.colcon_core.package_discovery:discover_packages(ignore) discover
[1.516s] Level 1:colcon.colcon_core.package_discovery:discover_packages(ignore) using defaults
[1.516s] Level 1:colcon.colcon_core.package_discovery:discover_packages(path) discover
[1.516s] Level 1:colcon.colcon_core.package_discovery:discover_packages(path) using defaults
[1.563s] Level 1:colcon.colcon_core.package_discovery:discover_packages(prefix_path) check parameters
[1.563s] Level 1:colcon.colcon_core.package_discovery:discover_packages(prefix_path) discover
[1.568s] DEBUG:colcon.colcon_installed_package_information.package_discovery:Found 2 installed packages in /home/rehmaan/sensor_fusion/install
[1.569s] DEBUG:colcon.colcon_installed_package_information.package_discovery:Found 5 installed packages in /home/rehmaan/ros2-projects/install
[1.570s] DEBUG:colcon.colcon_installed_package_information.package_discovery:Found 1 installed packages in /home/rehmaan/ros2-projects/src/my_cpp_pkg/install
[1.571s] DEBUG:colcon.colcon_installed_package_information.package_discovery:Found 4 installed packages in /home/rehmaan/ros2/install
[1.575s] DEBUG:colcon.colcon_installed_package_information.package_discovery:Found 291 installed packages in /opt/ros/jazzy
[1.579s] Level 1:colcon.colcon_core.package_discovery:discover_packages(prefix_path) using defaults
[1.669s] Level 5:colcon.colcon_core.verb:set package 'custom_interfaces' build argument 'cmake_args' from command line to 'None'
[1.669s] Level 5:colcon.colcon_core.verb:set package 'custom_interfaces' build argument 'cmake_target' from command line to 'None'
[1.669s] Level 5:colcon.colcon_core.verb:set package 'custom_interfaces' build argument 'cmake_target_skip_unavailable' from command line to 'False'
[1.669s] Level 5:colcon.colcon_core.verb:set package 'custom_interfaces' build argument 'cmake_clean_cache' from command line to 'False'
[1.669s] Level 5:colcon.colcon_core.verb:set package 'custom_interfaces' build argument 'cmake_clean_first' from command line to 'False'
[1.669s] Level 5:colcon.colcon_core.verb:set package 'custom_interfaces' build argument 'cmake_force_configure' from command line to 'False'
[1.669s] Level 5:colcon.colcon_core.verb:set package 'custom_interfaces' build argument 'ament_cmake_args' from command line to 'None'
[1.669s] Level 5:colcon.colcon_core.verb:set package 'custom_interfaces' build argument 'catkin_cmake_args' from command line to 'None'
[1.669s] Level 5:colcon.colcon_core.verb:set package 'custom_interfaces' build argument 'catkin_skip_building_tests' from command line to 'False'
[1.669s] DEBUG:colcon.colcon_core.verb:Building package 'custom_interfaces' with the following arguments: {'ament_cmake_args': None, 'build_base': '/home/rehmaan/sensor_fusion/build/custom_interfaces', 'catkin_cmake_args': None, 'catkin_skip_building_tests': False, 'cmake_args': None, 'cmake_clean_cache': False, 'cmake_clean_first': False, 'cmake_force_configure': False, 'cmake_target': None, 'cmake_target_skip_unavailable': False, 'install_base': '/home/rehmaan/sensor_fusion/install/custom_interfaces', 'merge_install': False, 'path': '/home/rehmaan/sensor_fusion/src/custom_interfaces', 'symlink_install': False, 'test_result_base': None}
[1.670s] Level 5:colcon.colcon_core.verb:set package 'sensors_data' build argument 'cmake_args' from command line to 'None'
[1.670s] Level 5:colcon.colcon_core.verb:set package 'sensors_data' build argument 'cmake_target' from command line to 'None'
[1.670s] Level 5:colcon.colcon_core.verb:set package 'sensors_data' build argument 'cmake_target_skip_unavailable' from command line to 'False'
[1.670s] Level 5:colcon.colcon_core.verb:set package 'sensors_data' build argument 'cmake_clean_cache' from command line to 'False'
[1.670s] Level 5:colcon.colcon_core.verb:set package 'sensors_data' build argument 'cmake_clean_first' from command line to 'False'
[1.670s] Level 5:colcon.colcon_core.verb:set package 'sensors_data' build argument 'cmake_force_configure' from command line to 'False'
[1.670s] Level 5:colcon.colcon_core.verb:set package 'sensors_data' build argument 'ament_cmake_args' from command line to 'None'
[1.670s] Level 5:colcon.colcon_core.verb:set package 'sensors_data' build argument 'catkin_cmake_args' from command line to 'None'
[1.670s] Level 5:colcon.colcon_core.verb:set package 'sensors_data' build argument 'catkin_skip_building_tests' from command line to 'False'
[1.670s] DEBUG:colcon.colcon_core.verb:Building package 'sensors_data' with the following arguments: {'ament_cmake_args': None, 'build_base': '/home/rehmaan/sensor_fusion/build/sensors_data', 'catkin_cmake_args': None, 'catkin_skip_building_tests': False, 'cmake_args': None, 'cmake_clean_cache': False, 'cmake_clean_first': False, 'cmake_force_configure': False, 'cmake_target': None, 'cmake_target_skip_unavailable': False, 'install_base': '/home/rehmaan/sensor_fusion/install/sensors_data', 'merge_install': False, 'path': '/home/rehmaan/sensor_fusion/src/sensors_data', 'symlink_install': False, 'test_result_base': None}
[1.670s] INFO:colcon.colcon_core.executor:Executing jobs using 'parallel' executor
[1.672s] DEBUG:colcon.colcon_parallel_executor.executor.parallel:run_until_complete
[1.674s] INFO:colcon.colcon_ros.task.ament_cmake.build:Building ROS package in '/home/rehmaan/sensor_fusion/src/custom_interfaces' with build type 'ament_cmake'
[1.676s] INFO:colcon.colcon_cmake.task.cmake.build:Building CMake package in '/home/rehmaan/sensor_fusion/src/custom_interfaces'
[1.684s] INFO:colcon.colcon_core.plugin_system:Skipping extension 'colcon_core.shell.bat': Not used on non-Windows systems
[1.684s] INFO:colcon.colcon_core.shell:Skip shell extension 'powershell' for command environment: Not usable outside of PowerShell
[1.684s] DEBUG:colcon.colcon_core.shell:Skip shell extension 'dsv' for command environment
[1.734s] DEBUG:colcon.colcon_core.event_handler.log_command:Invoking command in '/home/rehmaan/sensor_fusion/build/custom_interfaces': CMAKE_PREFIX_PATH=${CMAKE_PREFIX_PATH}:/home/rehmaan/ros2-projects/install/turtlesim_project:/home/rehmaan/ros2-projects/install/my_py_pkg:/home/rehmaan/ros2/install/py_pkg:/opt/ros/jazzy /usr/bin/cmake --build /home/rehmaan/sensor_fusion/build/custom_interfaces -- -j12 -l12
[3.686s] DEBUG:colcon.colcon_core.event_handler.log_command:Invoked command in '/home/rehmaan/sensor_fusion/build/custom_interfaces' returned '0': CMAKE_PREFIX_PATH=${CMAKE_PREFIX_PATH}:/home/rehmaan/ros2-projects/install/turtlesim_project:/home/rehmaan/ros2-projects/install/my_py_pkg:/home/rehmaan/ros2/install/py_pkg:/opt/ros/jazzy /usr/bin/cmake --build /home/rehmaan/sensor_fusion/build/custom_interfaces -- -j12 -l12
[3.708s] DEBUG:colcon.colcon_core.event_handler.log_command:Invoking command in '/home/rehmaan/sensor_fusion/build/custom_interfaces': CMAKE_PREFIX_PATH=${CMAKE_PREFIX_PATH}:/home/rehmaan/ros2-projects/install/turtlesim_project:/home/rehmaan/ros2-projects/install/my_py_pkg:/home/rehmaan/ros2/install/py_pkg:/opt/ros/jazzy /usr/bin/cmake --install /home/rehmaan/sensor_fusion/build/custom_interfaces
[3.936s] Level 1:colcon.colcon_core.environment:create_environment_scripts_only(custom_interfaces)
[3.946s] DEBUG:colcon.colcon_core.event_handler.log_command:Invoked command in '/home/rehmaan/sensor_fusion/build/custom_interfaces' returned '0': CMAKE_PREFIX_PATH=${CMAKE_PREFIX_PATH}:/home/rehmaan/ros2-projects/install/turtlesim_project:/home/rehmaan/ros2-projects/install/my_py_pkg:/home/rehmaan/ros2/install/py_pkg:/opt/ros/jazzy /usr/bin/cmake --install /home/rehmaan/sensor_fusion/build/custom_interfaces
[3.952s] Level 1:colcon.colcon_core.environment:checking '/home/rehmaan/sensor_fusion/install/custom_interfaces' for CMake module files
[3.954s] Level 1:colcon.colcon_core.environment:checking '/home/rehmaan/sensor_fusion/install/custom_interfaces' for CMake config files
[3.954s] Level 1:colcon.colcon_core.shell:create_environment_hook('custom_interfaces', 'cmake_prefix_path')
[3.955s] INFO:colcon.colcon_core.shell:Creating environment hook '/home/rehmaan/sensor_fusion/install/custom_interfaces/share/custom_interfaces/hook/cmake_prefix_path.ps1'
[3.957s] INFO:colcon.colcon_core.shell:Creating environment descriptor '/home/rehmaan/sensor_fusion/install/custom_interfaces/share/custom_interfaces/hook/cmake_prefix_path.dsv'
[3.960s] INFO:colcon.colcon_core.shell:Creating environment hook '/home/rehmaan/sensor_fusion/install/custom_interfaces/share/custom_interfaces/hook/cmake_prefix_path.sh'
[3.963s] Level 1:colcon.colcon_core.environment:checking '/home/rehmaan/sensor_fusion/install/custom_interfaces/lib'
[3.964s] Level 1:colcon.colcon_core.shell:create_environment_hook('custom_interfaces', 'ld_library_path_lib')
[3.965s] INFO:colcon.colcon_core.shell:Creating environment hook '/home/rehmaan/sensor_fusion/install/custom_interfaces/share/custom_interfaces/hook/ld_library_path_lib.ps1'
[3.967s] INFO:colcon.colcon_core.shell:Creating environment descriptor '/home/rehmaan/sensor_fusion/install/custom_interfaces/share/custom_interfaces/hook/ld_library_path_lib.dsv'
[3.968s] INFO:colcon.colcon_core.shell:Creating environment hook '/home/rehmaan/sensor_fusion/install/custom_interfaces/share/custom_interfaces/hook/ld_library_path_lib.sh'
[3.969s] Level 1:colcon.colcon_core.environment:checking '/home/rehmaan/sensor_fusion/install/custom_interfaces/bin'
[3.970s] Level 1:colcon.colcon_core.environment:checking '/home/rehmaan/sensor_fusion/install/custom_interfaces/lib/pkgconfig/custom_interfaces.pc'
[3.970s] Level 1:colcon.colcon_core.environment:checking '/home/rehmaan/sensor_fusion/install/custom_interfaces/lib/python3.12/site-packages'
[3.971s] Level 1:colcon.colcon_core.shell:create_environment_hook('custom_interfaces', 'pythonpath')
[3.971s] INFO:colcon.colcon_core.shell:Creating environment hook '/home/rehmaan/sensor_fusion/install/custom_interfaces/share/custom_interfaces/hook/pythonpath.ps1'
[3.979s] INFO:colcon.colcon_core.shell:Creating environment descriptor '/home/rehmaan/sensor_fusion/install/custom_interfaces/share/custom_interfaces/hook/pythonpath.dsv'
[3.980s] INFO:colcon.colcon_core.shell:Creating environment hook '/home/rehmaan/sensor_fusion/install/custom_interfaces/share/custom_interfaces/hook/pythonpath.sh'
[3.984s] Level 1:colcon.colcon_core.environment:checking '/home/rehmaan/sensor_fusion/install/custom_interfaces/bin'
[3.986s] INFO:colcon.colcon_core.shell:Creating package script '/home/rehmaan/sensor_fusion/install/custom_interfaces/share/custom_interfaces/package.ps1'
[3.997s] INFO:colcon.colcon_core.shell:Creating package descriptor '/home/rehmaan/sensor_fusion/install/custom_interfaces/share/custom_interfaces/package.dsv'
[3.999s] INFO:colcon.colcon_core.shell:Creating package script '/home/rehmaan/sensor_fusion/install/custom_interfaces/share/custom_interfaces/package.sh'
[4.001s] INFO:colcon.colcon_core.shell:Creating package script '/home/rehmaan/sensor_fusion/install/custom_interfaces/share/custom_interfaces/package.bash'
[4.003s] INFO:colcon.colcon_core.shell:Creating package script '/home/rehmaan/sensor_fusion/install/custom_interfaces/share/custom_interfaces/package.zsh'
[4.004s] Level 1:colcon.colcon_core.environment:create_file_with_runtime_dependencies(/home/rehmaan/sensor_fusion/install/custom_interfaces/share/colcon-core/packages/custom_interfaces)
[4.006s] Level 1:colcon.colcon_core.environment:create_environment_scripts_only(custom_interfaces)
[4.007s] Level 1:colcon.colcon_core.environment:checking '/home/rehmaan/sensor_fusion/install/custom_interfaces' for CMake module files
[4.011s] Level 1:colcon.colcon_core.environment:checking '/home/rehmaan/sensor_fusion/install/custom_interfaces' for CMake config files
[4.012s] Level 1:colcon.colcon_core.shell:create_environment_hook('custom_interfaces', 'cmake_prefix_path')
[4.013s] INFO:colcon.colcon_core.shell:Creating environment hook '/home/rehmaan/sensor_fusion/install/custom_interfaces/share/custom_interfaces/hook/cmake_prefix_path.ps1'
[4.014s] INFO:colcon.colcon_core.shell:Creating environment descriptor '/home/rehmaan/sensor_fusion/install/custom_interfaces/share/custom_interfaces/hook/cmake_prefix_path.dsv'
[4.016s] INFO:colcon.colcon_core.shell:Creating environment hook '/home/rehmaan/sensor_fusion/install/custom_interfaces/share/custom_interfaces/hook/cmake_prefix_path.sh'
[4.017s] Level 1:colcon.colcon_core.environment:checking '/home/rehmaan/sensor_fusion/install/custom_interfaces/lib'
[4.018s] Level 1:colcon.colcon_core.shell:create_environment_hook('custom_interfaces', 'ld_library_path_lib')
[4.018s] INFO:colcon.colcon_core.shell:Creating environment hook '/home/rehmaan/sensor_fusion/install/custom_interfaces/share/custom_interfaces/hook/ld_library_path_lib.ps1'
[4.019s] INFO:colcon.colcon_core.shell:Creating environment descriptor '/home/rehmaan/sensor_fusion/install/custom_interfaces/share/custom_interfaces/hook/ld_library_path_lib.dsv'
[4.020s] INFO:colcon.colcon_core.shell:Creating environment hook '/home/rehmaan/sensor_fusion/install/custom_interfaces/share/custom_interfaces/hook/ld_library_path_lib.sh'
[4.021s] Level 1:colcon.colcon_core.environment:checking '/home/rehmaan/sensor_fusion/install/custom_interfaces/bin'
[4.021s] Level 1:colcon.colcon_core.environment:checking '/home/rehmaan/sensor_fusion/install/custom_interfaces/lib/pkgconfig/custom_interfaces.pc'
[4.022s] Level 1:colcon.colcon_core.environment:checking '/home/rehmaan/sensor_fusion/install/custom_interfaces/lib/python3.12/site-packages'
[4.022s] Level 1:colcon.colcon_core.shell:create_environment_hook('custom_interfaces', 'pythonpath')
[4.022s] INFO:colcon.colcon_core.shell:Creating environment hook '/home/rehmaan/sensor_fusion/install/custom_interfaces/share/custom_interfaces/hook/pythonpath.ps1'
[4.024s] INFO:colcon.colcon_core.shell:Creating environment descriptor '/home/rehmaan/sensor_fusion/install/custom_interfaces/share/custom_interfaces/hook/pythonpath.dsv'
[4.026s] INFO:colcon.colcon_core.shell:Creating environment hook '/home/rehmaan/sensor_fusion/install/custom_interfaces/share/custom_interfaces/hook/pythonpath.sh'
[4.029s] Level 1:colcon.colcon_core.environment:checking '/home/rehmaan/sensor_fusion/install/custom_interfaces/bin'
[4.031s] INFO:colcon.colcon_core.shell:Creating package script '/home/rehmaan/sensor_fusion/install/custom_interfaces/share/custom_interfaces/package.ps1'
[4.034s] INFO:colcon.colcon_core.shell:Creating package descriptor '/home/rehmaan/sensor_fusion/install/custom_interfaces/share/custom_interfaces/package.dsv'
[4.035s] INFO:colcon.colcon_core.shell:Creating package script '/home/rehmaan/sensor_fusion/install/custom_interfaces/share/custom_interfaces/package.sh'
[4.036s] INFO:colcon.colcon_core.shell:Creating package script '/home/rehmaan/sensor_fusion/install/custom_interfaces/share/custom_interfaces/package.bash'
[4.037s] INFO:colcon.colcon_core.shell:Creating package script '/home/rehmaan/sensor_fusion/install/custom_interfaces/share/custom_interfaces/package.zsh'
[4.037s] Level 1:colcon.colcon_core.environment:create_file_with_runtime_dependencies(/home/rehmaan/sensor_fusion/install/custom_interfaces/share/colcon-core/packages/custom_interfaces)
[4.038s] INFO:colcon.colcon_ros.task.ament_cmake.build:Building ROS package in '/home/rehmaan/sensor_fusion/src/sensors_data' with build type 'ament_cmake'
[4.039s] INFO:colcon.colcon_cmake.task.cmake.build:Building CMake package in '/home/rehmaan/sensor_fusion/src/sensors_data'
[4.040s] INFO:colcon.colcon_core.shell:Skip shell extension 'powershell' for command environment: Not usable outside of PowerShell
[4.041s] DEBUG:colcon.colcon_core.shell:Skip shell extension 'dsv' for command environment
[4.893s] DEBUG:colcon.colcon_core.event_handler.log_command:Invoking command in '/home/rehmaan/sensor_fusion/build/sensors_data': CMAKE_PREFIX_PATH=/home/rehmaan/sensor_fusion/install/custom_interfaces:/home/rehmaan/sensor_fusion/install/sensors_data:/home/rehmaan/ros2-projects/install/my_robot_bringup:/home/rehmaan/ros2-projects/install/my_cpp_pkg:/home/rehmaan/ros2-projects/install/my_robot_interfaces:/home/rehmaan/ros2-projects/src/my_cpp_pkg/install/my_cpp_pkg:/home/rehmaan/ros2/install/launch_turtle_project:/home/rehmaan/ros2/install/cpp_pkg:/home/rehmaan/ros2/install/my_custom_interfaces:/opt/ros/jazzy/opt/gz_math_vendor:/opt/ros/jazzy/opt/gz_utils_vendor:/opt/ros/jazzy/opt/gz_cmake_vendor:/home/rehmaan/ros2-projects/install/turtlesim_project:/home/rehmaan/ros2-projects/install/my_py_pkg:/home/rehmaan/ros2/install/py_pkg:/opt/ros/jazzy /usr/bin/cmake --build /home/rehmaan/sensor_fusion/build/sensors_data -- -j12 -l12
[21.038s] DEBUG:colcon.colcon_core.event_handler.log_command:Invoked command in '/home/rehmaan/sensor_fusion/build/sensors_data' returned '0': CMAKE_PREFIX_PATH=/home/rehmaan/sensor_fusion/install/custom_interfaces:/home/rehmaan/sensor_fusion/install/sensors_data:/home/rehmaan/ros2-projects/install/my_robot_bringup:/home/rehmaan/ros2-projects/install/my_cpp_pkg:/home/rehmaan/ros2-projects/install/my_robot_interfaces:/home/rehmaan/ros2-projects/src/my_cpp_pkg/install/my_cpp_pkg:/home/rehmaan/ros2/install/launch_turtle_project:/home/rehmaan/ros2/install/cpp_pkg:/home/rehmaan/ros2/install/my_custom_interfaces:/opt/ros/jazzy/opt/gz_math_vendor:/opt/ros/jazzy/opt/gz_utils_vendor:/opt/ros/jazzy/opt/gz_cmake_vendor:/home/rehmaan/ros2-projects/install/turtlesim_project:/home/rehmaan/ros2-projects/install/my_py_pkg:/home/rehmaan/ros2/install/py_pkg:/opt/ros/jazzy /usr/bin/cmake --build /home/rehmaan/sensor_fusion/build/sensors_data -- -j12 -l12
[21.044s] DEBUG:colcon.colcon_core.event_handler.log_command:Invoking command in '/home/rehmaan/sensor_fusion/build/sensors_data': CMAKE_PREFIX_PATH=/home/rehmaan/sensor_fusion/install/custom_interfaces:/home/rehmaan/sensor_fusion/install/sensors_data:/home/rehmaan/ros2-projects/install/my_robot_bringup:/home/rehmaan/ros2-projects/install/my_cpp_pkg:/home/rehmaan/ros2-projects/install/my_robot_interfaces:/home/rehmaan/ros2-projects/src/my_cpp_pkg/install/my_cpp_pkg:/home/rehmaan/ros2/install/launch_turtle_project:/home/rehmaan/ros2/install/cpp_pkg:/home/rehmaan/ros2/install/my_custom_interfaces:/opt/ros/jazzy/opt/gz_math_vendor:/opt/ros/jazzy/opt/gz_utils_vendor:/opt/ros/jazzy/opt/gz_cmake_vendor:/home/rehmaan/ros2-projects/install/turtlesim_project:/home/rehmaan/ros2-projects/install/my_py_pkg:/home/rehmaan/ros2/install/py_pkg:/opt/ros/jazzy /usr/bin/cmake --install /home/rehmaan/sensor_fusion/build/sensors_data
[21.085s] Level 1:colcon.colcon_core.environment:create_environment_scripts_only(sensors_data)
[21.087s] Level 1:colcon.colcon_core.environment:checking '/home/rehmaan/sensor_fusion/install/sensors_data' for CMake module files
[21.091s] DEBUG:colcon.colcon_core.event_handler.log_command:Invoked command in '/home/rehmaan/sensor_fusion/build/sensors_data' returned '0': CMAKE_PREFIX_PATH=/home/rehmaan/sensor_fusion/install/custom_interfaces:/home/rehmaan/sensor_fusion/install/sensors_data:/home/rehmaan/ros2-projects/install/my_robot_bringup:/home/rehmaan/ros2-projects/install/my_cpp_pkg:/home/rehmaan/ros2-projects/install/my_robot_interfaces:/home/rehmaan/ros2-projects/src/my_cpp_pkg/install/my_cpp_pkg:/home/rehmaan/ros2/install/launch_turtle_project:/home/rehmaan/ros2/install/cpp_pkg:/home/rehmaan/ros2/install/my_custom_interfaces:/opt/ros/jazzy/opt/gz_math_vendor:/opt/ros/jazzy/opt/gz_utils_vendor:/opt/ros/jazzy/opt/gz_cmake_vendor:/home/rehmaan/ros2-projects/install/turtlesim_project:/home/rehmaan/ros2-projects/install/my_py_pkg:/home/rehmaan/ros2/install/py_pkg:/opt/ros/jazzy /usr/bin/cmake --install /home/rehmaan/sensor_fusion/build/sensors_data
[21.097s] Level 1:colcon.colcon_core.environment:checking '/home/rehmaan/sensor_fusion/install/sensors_data' for CMake config files
[21.097s] Level 1:colcon.colcon_core.shell:create_environment_hook('sensors_data', 'cmake_prefix_path')
[21.099s] INFO:colcon.colcon_core.shell:Creating environment hook '/home/rehmaan/sensor_fusion/install/sensors_data/share/sensors_data/hook/cmake_prefix_path.ps1'
[21.101s] INFO:colcon.colcon_core.shell:Creating environment descriptor '/home/rehmaan/sensor_fusion/install/sensors_data/share/sensors_data/hook/cmake_prefix_path.dsv'
[21.103s] INFO:colcon.colcon_core.shell:Creating environment hook '/home/rehmaan/sensor_fusion/install/sensors_data/share/sensors_data/hook/cmake_prefix_path.sh'
[21.112s] Level 1:colcon.colcon_core.environment:checking '/home/rehmaan/sensor_fusion/install/sensors_data/lib'
[21.113s] Level 1:colcon.colcon_core.environment:checking '/home/rehmaan/sensor_fusion/install/sensors_data/bin'
[21.113s] Level 1:colcon.colcon_core.environment:checking '/home/rehmaan/sensor_fusion/install/sensors_data/lib/pkgconfig/sensors_data.pc'
[21.114s] Level 1:colcon.colcon_core.environment:checking '/home/rehmaan/sensor_fusion/install/sensors_data/lib/python3.12/site-packages'
[21.116s] Level 1:colcon.colcon_core.environment:checking '/home/rehmaan/sensor_fusion/install/sensors_data/bin'
[21.118s] INFO:colcon.colcon_core.shell:Creating package script '/home/rehmaan/sensor_fusion/install/sensors_data/share/sensors_data/package.ps1'
[21.119s] INFO:colcon.colcon_core.shell:Creating package descriptor '/home/rehmaan/sensor_fusion/install/sensors_data/share/sensors_data/package.dsv'
[21.121s] INFO:colcon.colcon_core.shell:Creating package script '/home/rehmaan/sensor_fusion/install/sensors_data/share/sensors_data/package.sh'
[21.129s] INFO:colcon.colcon_core.shell:Creating package script '/home/rehmaan/sensor_fusion/install/sensors_data/share/sensors_data/package.bash'
[21.131s] INFO:colcon.colcon_core.shell:Creating package script '/home/rehmaan/sensor_fusion/install/sensors_data/share/sensors_data/package.zsh'
[21.135s] Level 1:colcon.colcon_core.environment:create_file_with_runtime_dependencies(/home/rehmaan/sensor_fusion/install/sensors_data/share/colcon-core/packages/sensors_data)
[21.136s] Level 1:colcon.colcon_core.environment:create_environment_scripts_only(sensors_data)
[21.137s] Level 1:colcon.colcon_core.environment:checking '/home/rehmaan/sensor_fusion/install/sensors_data' for CMake module files
[21.138s] Level 1:colcon.colcon_core.environment:checking '/home/rehmaan/sensor_fusion/install/sensors_data' for CMake config files
[21.138s] Level 1:colcon.colcon_core.shell:create_environment_hook('sensors_data', 'cmake_prefix_path')
[21.139s] INFO:colcon.colcon_core.shell:Creating environment hook '/home/rehmaan/sensor_fusion/install/sensors_data/share/sensors_data/hook/cmake_prefix_path.ps1'
[21.144s] INFO:colcon.colcon_core.shell:Creating environment descriptor '/home/rehmaan/sensor_fusion/install/sensors_data/share/sensors_data/hook/cmake_prefix_path.dsv'
[21.145s] INFO:colcon.colcon_core.shell:Creating environment hook '/home/rehmaan/sensor_fusion/install/sensors_data/share/sensors_data/hook/cmake_prefix_path.sh'
[21.147s] Level 1:colcon.colcon_core.environment:checking '/home/rehmaan/sensor_fusion/install/sensors_data/lib'
[21.147s] Level 1:colcon.colcon_core.environment:checking '/home/rehmaan/sensor_fusion/install/sensors_data/bin'
[21.147s] Level 1:colcon.colcon_core.environment:checking '/home/rehmaan/sensor_fusion/install/sensors_data/lib/pkgconfig/sensors_data.pc'
[21.148s] Level 1:colcon.colcon_core.environment:checking '/home/rehmaan/sensor_fusion/install/sensors_data/lib/python3.12/site-packages'
[21.149s] Level 1:colcon.colcon_core.environment:checking '/home/rehmaan/sensor_fusion/install/sensors_data/bin'
[21.150s] INFO:colcon.colcon_core.shell:Creating package script '/home/rehmaan/sensor_fusion/install/sensors_data/share/sensors_data/package.ps1'
[21.151s] INFO:colcon.colcon_core.shell:Creating package descriptor '/home/rehmaan/sensor_fusion/install/sensors_data/share/sensors_data/package.dsv'
[21.152s] INFO:colcon.colcon_core.shell:Creating package script '/home/rehmaan/sensor_fusion/install/sensors_data/share/sensors_data/package.sh'
[21.153s] INFO:colcon.colcon_core.shell:Creating package script '/home/rehmaan/sensor_fusion/install/sensors_data/share/sensors_data/package.bash'
[21.155s] INFO:colcon.colcon_core.shell:Creating package script '/home/rehmaan/sensor_fusion/install/sensors_data/share/sensors_data/package.zsh'
[21.158s] Level 1:colcon.colcon_core.environment:create_file_with_runtime_dependencies(/home/rehmaan/sensor_fusion/install/sensors_data/share/colcon-core/packages/sensors_data)
[21.162s] DEBUG:colcon.colcon_parallel_executor.executor.parallel:closing loop
[21.167s] DEBUG:colcon.colcon_parallel_executor.executor.parallel:loop closed
[21.168s] DEBUG:colcon.colcon_parallel_executor.executor.parallel:run_until_complete finished with '0'
[21.168s] DEBUG:colcon.colcon_core.event_reactor:joining thread
[21.424s] INFO:colcon.colcon_core.plugin_system:Skipping extension 'colcon_notification.desktop_notification.notify_send': Could not find 'notify-send'
[21.425s] INFO:colcon.colcon_core.plugin_system:Skipping extension 'colcon_notification.desktop_notification.terminal_notifier': Not used on non-Darwin systems
[21.425s] INFO:colcon.colcon_core.plugin_system:Skipping extension 'colcon_notification.desktop_notification.win32': Not used on non-Windows systems
[21.426s] INFO:colcon.colcon_notification.desktop_notification:Sending desktop notification using 'notify2'
[21.434s] DEBUG:colcon.colcon_notification.desktop_notification.notify2:Failed to initialize notify2: org.freedesktop.DBus.Error.ServiceUnknown: The name org.freedesktop.Notifications was not provided by any .service files
[21.434s] DEBUG:colcon.colcon_core.event_reactor:joined thread
[21.435s] INFO:colcon.colcon_core.shell:Creating prefix script '/home/rehmaan/sensor_fusion/install/local_setup.ps1'
[21.437s] INFO:colcon.colcon_core.shell:Creating prefix util module '/home/rehmaan/sensor_fusion/install/_local_setup_util_ps1.py'
[21.442s] INFO:colcon.colcon_core.shell:Creating prefix chain script '/home/rehmaan/sensor_fusion/install/setup.ps1'
[21.452s] INFO:colcon.colcon_core.shell:Creating prefix script '/home/rehmaan/sensor_fusion/install/local_setup.sh'
[21.458s] INFO:colcon.colcon_core.shell:Creating prefix util module '/home/rehmaan/sensor_fusion/install/_local_setup_util_sh.py'
[21.461s] INFO:colcon.colcon_core.shell:Creating prefix chain script '/home/rehmaan/sensor_fusion/install/setup.sh'
[21.467s] INFO:colcon.colcon_core.shell:Creating prefix script '/home/rehmaan/sensor_fusion/install/local_setup.bash'
[21.471s] INFO:colcon.colcon_core.shell:Creating prefix chain script '/home/rehmaan/sensor_fusion/install/setup.bash'
[21.480s] INFO:colcon.colcon_core.shell:Creating prefix script '/home/rehmaan/sensor_fusion/install/local_setup.zsh'
[21.482s] INFO:colcon.colcon_core.shell:Creating prefix chain script '/home/rehmaan/sensor_fusion/install/setup.zsh'
