[0.278s] DEBUG:colcon:Command line arguments: ['/usr/bin/colcon', 'build']
[0.278s] DEBUG:colcon:Parsed command line arguments: Namespace(log_base=None, log_level=None, verb_name='build', build_base='build', install_base='install', merge_install=False, symlink_install=False, test_result_base=None, continue_on_error=False, executor='parallel', parallel_workers=12, event_handlers=None, ignore_user_meta=False, metas=['./colcon.meta'], base_paths=['.'], packages_ignore=None, packages_ignore_regex=None, paths=None, packages_up_to=None, packages_up_to_regex=None, packages_above=None, packages_above_and_dependencies=None, packages_above_depth=None, packages_select_by_dep=None, packages_skip_by_dep=None, packages_skip_up_to=None, packages_select_build_failed=False, packages_skip_build_finished=False, packages_select_test_failures=False, packages_skip_test_passed=False, packages_select=None, packages_skip=None, packages_select_regex=None, packages_skip_regex=None, packages_start=None, packages_end=None, allow_overriding=[], cmake_args=None, cmake_target=None, cmake_target_skip_unavailable=False, cmake_clean_cache=False, cmake_clean_first=False, cmake_force_configure=False, ament_cmake_args=None, catkin_cmake_args=None, catkin_skip_building_tests=False, mixin_files=None, mixin=None, verb_parser=<colcon_mixin.mixin.mixin_argument.MixinArgumentDecorator object at 0x7f209571eea0>, verb_extension=<colcon_core.verb.build.BuildVerb object at 0x7f209571ec90>, main=<bound method BuildVerb.main of <colcon_core.verb.build.BuildVerb object at 0x7f209571ec90>>, mixin_verb=('build',))
[0.308s] Level 1:colcon.colcon_core.package_discovery:discover_packages(colcon_meta) check parameters
[0.309s] Level 1:colcon.colcon_core.package_discovery:discover_packages(recursive) check parameters
[0.309s] Level 1:colcon.colcon_core.package_discovery:discover_packages(ignore) check parameters
[0.309s] Level 1:colcon.colcon_core.package_discovery:discover_packages(path) check parameters
[0.309s] Level 1:colcon.colcon_core.package_discovery:discover_packages(colcon_meta) discover
[0.309s] Level 1:colcon.colcon_core.package_discovery:discover_packages(recursive) discover
[0.309s] INFO:colcon.colcon_core.package_discovery:Crawling recursively for packages in '/home/rehmaan/sensor_fusion'
[0.309s] Level 1:colcon.colcon_core.package_identification:_identify(.) by extensions ['ignore', 'ignore_ament_install']
[0.309s] Level 1:colcon.colcon_core.package_identification:_identify(.) by extension 'ignore'
[0.309s] Level 1:colcon.colcon_core.package_identification:_identify(.) by extension 'ignore_ament_install'
[0.309s] Level 1:colcon.colcon_core.package_identification:_identify(.) by extensions ['colcon_pkg']
[0.309s] Level 1:colcon.colcon_core.package_identification:_identify(.) by extension 'colcon_pkg'
[0.309s] Level 1:colcon.colcon_core.package_identification:_identify(.) by extensions ['colcon_meta']
[0.309s] Level 1:colcon.colcon_core.package_identification:_identify(.) by extension 'colcon_meta'
[0.309s] Level 1:colcon.colcon_core.package_identification:_identify(.) by extensions ['ros']
[0.309s] Level 1:colcon.colcon_core.package_identification:_identify(.) by extension 'ros'
[0.331s] Level 1:colcon.colcon_core.package_identification:_identify(.) by extensions ['cmake', 'python']
[0.331s] Level 1:colcon.colcon_core.package_identification:_identify(.) by extension 'cmake'
[0.331s] Level 1:colcon.colcon_core.package_identification:_identify(.) by extension 'python'
[0.331s] Level 1:colcon.colcon_core.package_identification:_identify(.) by extensions ['python_setup_py']
[0.331s] Level 1:colcon.colcon_core.package_identification:_identify(.) by extension 'python_setup_py'
[0.331s] Level 1:colcon.colcon_core.package_identification:_identify(build) by extensions ['ignore', 'ignore_ament_install']
[0.331s] Level 1:colcon.colcon_core.package_identification:_identify(build) by extension 'ignore'
[0.331s] Level 1:colcon.colcon_core.package_identification:_identify(build) ignored
[0.331s] Level 1:colcon.colcon_core.package_identification:_identify(include) by extensions ['ignore', 'ignore_ament_install']
[0.331s] Level 1:colcon.colcon_core.package_identification:_identify(include) by extension 'ignore'
[0.331s] Level 1:colcon.colcon_core.package_identification:_identify(include) by extension 'ignore_ament_install'
[0.331s] Level 1:colcon.colcon_core.package_identification:_identify(include) by extensions ['colcon_pkg']
[0.331s] Level 1:colcon.colcon_core.package_identification:_identify(include) by extension 'colcon_pkg'
[0.332s] Level 1:colcon.colcon_core.package_identification:_identify(include) by extensions ['colcon_meta']
[0.332s] Level 1:colcon.colcon_core.package_identification:_identify(include) by extension 'colcon_meta'
[0.332s] Level 1:colcon.colcon_core.package_identification:_identify(include) by extensions ['ros']
[0.332s] Level 1:colcon.colcon_core.package_identification:_identify(include) by extension 'ros'
[0.332s] Level 1:colcon.colcon_core.package_identification:_identify(include) by extensions ['cmake', 'python']
[0.332s] Level 1:colcon.colcon_core.package_identification:_identify(include) by extension 'cmake'
[0.332s] Level 1:colcon.colcon_core.package_identification:_identify(include) by extension 'python'
[0.332s] Level 1:colcon.colcon_core.package_identification:_identify(include) by extensions ['python_setup_py']
[0.332s] Level 1:colcon.colcon_core.package_identification:_identify(include) by extension 'python_setup_py'
[0.332s] Level 1:colcon.colcon_core.package_identification:_identify(include/sensor_fusion) by extensions ['ignore', 'ignore_ament_install']
[0.332s] Level 1:colcon.colcon_core.package_identification:_identify(include/sensor_fusion) by extension 'ignore'
[0.332s] Level 1:colcon.colcon_core.package_identification:_identify(include/sensor_fusion) by extension 'ignore_ament_install'
[0.332s] Level 1:colcon.colcon_core.package_identification:_identify(include/sensor_fusion) by extensions ['colcon_pkg']
[0.332s] Level 1:colcon.colcon_core.package_identification:_identify(include/sensor_fusion) by extension 'colcon_pkg'
[0.332s] Level 1:colcon.colcon_core.package_identification:_identify(include/sensor_fusion) by extensions ['colcon_meta']
[0.332s] Level 1:colcon.colcon_core.package_identification:_identify(include/sensor_fusion) by extension 'colcon_meta'
[0.333s] Level 1:colcon.colcon_core.package_identification:_identify(include/sensor_fusion) by extensions ['ros']
[0.333s] Level 1:colcon.colcon_core.package_identification:_identify(include/sensor_fusion) by extension 'ros'
[0.333s] Level 1:colcon.colcon_core.package_identification:_identify(include/sensor_fusion) by extensions ['cmake', 'python']
[0.333s] Level 1:colcon.colcon_core.package_identification:_identify(include/sensor_fusion) by extension 'cmake'
[0.333s] Level 1:colcon.colcon_core.package_identification:_identify(include/sensor_fusion) by extension 'python'
[0.333s] Level 1:colcon.colcon_core.package_identification:_identify(include/sensor_fusion) by extensions ['python_setup_py']
[0.333s] Level 1:colcon.colcon_core.package_identification:_identify(include/sensor_fusion) by extension 'python_setup_py'
[0.333s] Level 1:colcon.colcon_core.package_identification:_identify(install) by extensions ['ignore', 'ignore_ament_install']
[0.334s] Level 1:colcon.colcon_core.package_identification:_identify(install) by extension 'ignore'
[0.334s] Level 1:colcon.colcon_core.package_identification:_identify(install) ignored
[0.334s] Level 1:colcon.colcon_core.package_identification:_identify(log) by extensions ['ignore', 'ignore_ament_install']
[0.334s] Level 1:colcon.colcon_core.package_identification:_identify(log) by extension 'ignore'
[0.334s] Level 1:colcon.colcon_core.package_identification:_identify(log) ignored
[0.334s] Level 1:colcon.colcon_core.package_identification:_identify(src) by extensions ['ignore', 'ignore_ament_install']
[0.334s] Level 1:colcon.colcon_core.package_identification:_identify(src) by extension 'ignore'
[0.334s] Level 1:colcon.colcon_core.package_identification:_identify(src) by extension 'ignore_ament_install'
[0.334s] Level 1:colcon.colcon_core.package_identification:_identify(src) by extensions ['colcon_pkg']
[0.335s] Level 1:colcon.colcon_core.package_identification:_identify(src) by extension 'colcon_pkg'
[0.335s] Level 1:colcon.colcon_core.package_identification:_identify(src) by extensions ['colcon_meta']
[0.335s] Level 1:colcon.colcon_core.package_identification:_identify(src) by extension 'colcon_meta'
[0.335s] Level 1:colcon.colcon_core.package_identification:_identify(src) by extensions ['ros']
[0.335s] Level 1:colcon.colcon_core.package_identification:_identify(src) by extension 'ros'
[0.335s] Level 1:colcon.colcon_core.package_identification:_identify(src) by extensions ['cmake', 'python']
[0.336s] Level 1:colcon.colcon_core.package_identification:_identify(src) by extension 'cmake'
[0.336s] Level 1:colcon.colcon_core.package_identification:_identify(src) by extension 'python'
[0.336s] Level 1:colcon.colcon_core.package_identification:_identify(src) by extensions ['python_setup_py']
[0.336s] Level 1:colcon.colcon_core.package_identification:_identify(src) by extension 'python_setup_py'
[0.336s] Level 1:colcon.colcon_core.package_identification:_identify(src/custom_interfaces) by extensions ['ignore', 'ignore_ament_install']
[0.336s] Level 1:colcon.colcon_core.package_identification:_identify(src/custom_interfaces) by extension 'ignore'
[0.336s] Level 1:colcon.colcon_core.package_identification:_identify(src/custom_interfaces) by extension 'ignore_ament_install'
[0.336s] Level 1:colcon.colcon_core.package_identification:_identify(src/custom_interfaces) by extensions ['colcon_pkg']
[0.336s] Level 1:colcon.colcon_core.package_identification:_identify(src/custom_interfaces) by extension 'colcon_pkg'
[0.336s] Level 1:colcon.colcon_core.package_identification:_identify(src/custom_interfaces) by extensions ['colcon_meta']
[0.336s] Level 1:colcon.colcon_core.package_identification:_identify(src/custom_interfaces) by extension 'colcon_meta'
[0.336s] Level 1:colcon.colcon_core.package_identification:_identify(src/custom_interfaces) by extensions ['ros']
[0.336s] Level 1:colcon.colcon_core.package_identification:_identify(src/custom_interfaces) by extension 'ros'
[0.341s] DEBUG:colcon.colcon_core.package_identification:Package 'src/custom_interfaces' with type 'ros.ament_cmake' and name 'custom_interfaces'
[0.341s] Level 1:colcon.colcon_core.package_identification:_identify(src/sensors_data) by extensions ['ignore', 'ignore_ament_install']
[0.341s] Level 1:colcon.colcon_core.package_identification:_identify(src/sensors_data) by extension 'ignore'
[0.342s] Level 1:colcon.colcon_core.package_identification:_identify(src/sensors_data) by extension 'ignore_ament_install'
[0.342s] Level 1:colcon.colcon_core.package_identification:_identify(src/sensors_data) by extensions ['colcon_pkg']
[0.342s] Level 1:colcon.colcon_core.package_identification:_identify(src/sensors_data) by extension 'colcon_pkg'
[0.342s] Level 1:colcon.colcon_core.package_identification:_identify(src/sensors_data) by extensions ['colcon_meta']
[0.342s] Level 1:colcon.colcon_core.package_identification:_identify(src/sensors_data) by extension 'colcon_meta'
[0.342s] Level 1:colcon.colcon_core.package_identification:_identify(src/sensors_data) by extensions ['ros']
[0.342s] Level 1:colcon.colcon_core.package_identification:_identify(src/sensors_data) by extension 'ros'
[0.343s] DEBUG:colcon.colcon_core.package_identification:Package 'src/sensors_data' with type 'ros.ament_cmake' and name 'sensors_data'
[0.343s] Level 1:colcon.colcon_core.package_discovery:discover_packages(recursive) using defaults
[0.343s] Level 1:colcon.colcon_core.package_discovery:discover_packages(ignore) discover
[0.343s] Level 1:colcon.colcon_core.package_discovery:discover_packages(ignore) using defaults
[0.343s] Level 1:colcon.colcon_core.package_discovery:discover_packages(path) discover
[0.343s] Level 1:colcon.colcon_core.package_discovery:discover_packages(path) using defaults
[0.358s] Level 1:colcon.colcon_core.package_discovery:discover_packages(prefix_path) check parameters
[0.358s] Level 1:colcon.colcon_core.package_discovery:discover_packages(prefix_path) discover
[0.359s] WARNING:colcon.colcon_ros.prefix_path.ament:The path '/home/rehmaan/sensor_fusion/install/sensor_fusion' in the environment variable AMENT_PREFIX_PATH doesn't exist
[0.359s] WARNING:colcon.colcon_ros.prefix_path.catkin:The path '/home/rehmaan/sensor_fusion/install/sensor_fusion' in the environment variable CMAKE_PREFIX_PATH doesn't exist
[0.360s] DEBUG:colcon.colcon_installed_package_information.package_discovery:Found 2 installed packages in /home/rehmaan/sensor_fusion/install
[0.360s] DEBUG:colcon.colcon_installed_package_information.package_discovery:Found 5 installed packages in /home/rehmaan/ros2-projects/install
[0.361s] DEBUG:colcon.colcon_installed_package_information.package_discovery:Found 1 installed packages in /home/rehmaan/ros2-projects/src/my_cpp_pkg/install
[0.361s] DEBUG:colcon.colcon_installed_package_information.package_discovery:Found 4 installed packages in /home/rehmaan/ros2/install
[0.362s] DEBUG:colcon.colcon_installed_package_information.package_discovery:Found 291 installed packages in /opt/ros/jazzy
[0.363s] Level 1:colcon.colcon_core.package_discovery:discover_packages(prefix_path) using defaults
[0.401s] Level 5:colcon.colcon_core.verb:set package 'custom_interfaces' build argument 'cmake_args' from command line to 'None'
[0.402s] Level 5:colcon.colcon_core.verb:set package 'custom_interfaces' build argument 'cmake_target' from command line to 'None'
[0.402s] Level 5:colcon.colcon_core.verb:set package 'custom_interfaces' build argument 'cmake_target_skip_unavailable' from command line to 'False'
[0.402s] Level 5:colcon.colcon_core.verb:set package 'custom_interfaces' build argument 'cmake_clean_cache' from command line to 'False'
[0.402s] Level 5:colcon.colcon_core.verb:set package 'custom_interfaces' build argument 'cmake_clean_first' from command line to 'False'
[0.402s] Level 5:colcon.colcon_core.verb:set package 'custom_interfaces' build argument 'cmake_force_configure' from command line to 'False'
[0.402s] Level 5:colcon.colcon_core.verb:set package 'custom_interfaces' build argument 'ament_cmake_args' from command line to 'None'
[0.402s] Level 5:colcon.colcon_core.verb:set package 'custom_interfaces' build argument 'catkin_cmake_args' from command line to 'None'
[0.402s] Level 5:colcon.colcon_core.verb:set package 'custom_interfaces' build argument 'catkin_skip_building_tests' from command line to 'False'
[0.402s] DEBUG:colcon.colcon_core.verb:Building package 'custom_interfaces' with the following arguments: {'ament_cmake_args': None, 'build_base': '/home/rehmaan/sensor_fusion/build/custom_interfaces', 'catkin_cmake_args': None, 'catkin_skip_building_tests': False, 'cmake_args': None, 'cmake_clean_cache': False, 'cmake_clean_first': False, 'cmake_force_configure': False, 'cmake_target': None, 'cmake_target_skip_unavailable': False, 'install_base': '/home/rehmaan/sensor_fusion/install/custom_interfaces', 'merge_install': False, 'path': '/home/rehmaan/sensor_fusion/src/custom_interfaces', 'symlink_install': False, 'test_result_base': None}
[0.402s] Level 5:colcon.colcon_core.verb:set package 'sensors_data' build argument 'cmake_args' from command line to 'None'
[0.402s] Level 5:colcon.colcon_core.verb:set package 'sensors_data' build argument 'cmake_target' from command line to 'None'
[0.402s] Level 5:colcon.colcon_core.verb:set package 'sensors_data' build argument 'cmake_target_skip_unavailable' from command line to 'False'
[0.402s] Level 5:colcon.colcon_core.verb:set package 'sensors_data' build argument 'cmake_clean_cache' from command line to 'False'
[0.402s] Level 5:colcon.colcon_core.verb:set package 'sensors_data' build argument 'cmake_clean_first' from command line to 'False'
[0.402s] Level 5:colcon.colcon_core.verb:set package 'sensors_data' build argument 'cmake_force_configure' from command line to 'False'
[0.402s] Level 5:colcon.colcon_core.verb:set package 'sensors_data' build argument 'ament_cmake_args' from command line to 'None'
[0.402s] Level 5:colcon.colcon_core.verb:set package 'sensors_data' build argument 'catkin_cmake_args' from command line to 'None'
[0.402s] Level 5:colcon.colcon_core.verb:set package 'sensors_data' build argument 'catkin_skip_building_tests' from command line to 'False'
[0.402s] DEBUG:colcon.colcon_core.verb:Building package 'sensors_data' with the following arguments: {'ament_cmake_args': None, 'build_base': '/home/rehmaan/sensor_fusion/build/sensors_data', 'catkin_cmake_args': None, 'catkin_skip_building_tests': False, 'cmake_args': None, 'cmake_clean_cache': False, 'cmake_clean_first': False, 'cmake_force_configure': False, 'cmake_target': None, 'cmake_target_skip_unavailable': False, 'install_base': '/home/rehmaan/sensor_fusion/install/sensors_data', 'merge_install': False, 'path': '/home/rehmaan/sensor_fusion/src/sensors_data', 'symlink_install': False, 'test_result_base': None}
[0.402s] INFO:colcon.colcon_core.executor:Executing jobs using 'parallel' executor
[0.403s] DEBUG:colcon.colcon_parallel_executor.executor.parallel:run_until_complete
[0.403s] INFO:colcon.colcon_ros.task.ament_cmake.build:Building ROS package in '/home/rehmaan/sensor_fusion/src/custom_interfaces' with build type 'ament_cmake'
[0.404s] INFO:colcon.colcon_cmake.task.cmake.build:Building CMake package in '/home/rehmaan/sensor_fusion/src/custom_interfaces'
[0.406s] INFO:colcon.colcon_core.plugin_system:Skipping extension 'colcon_core.shell.bat': Not used on non-Windows systems
[0.407s] INFO:colcon.colcon_core.shell:Skip shell extension 'powershell' for command environment: Not usable outside of PowerShell
[0.407s] DEBUG:colcon.colcon_core.shell:Skip shell extension 'dsv' for command environment
[0.417s] DEBUG:colcon.colcon_core.event_handler.log_command:Invoking command in '/home/rehmaan/sensor_fusion/build/custom_interfaces': CMAKE_PREFIX_PATH=${CMAKE_PREFIX_PATH}:/home/rehmaan/ros2-projects/install/turtlesim_project:/home/rehmaan/ros2-projects/install/my_py_pkg:/home/rehmaan/ros2/install/py_pkg:/opt/ros/jazzy /usr/bin/cmake --build /home/rehmaan/sensor_fusion/build/custom_interfaces -- -j12 -l12
[0.789s] DEBUG:colcon.colcon_core.event_handler.log_command:Invoked command in '/home/rehmaan/sensor_fusion/build/custom_interfaces' returned '0': CMAKE_PREFIX_PATH=${CMAKE_PREFIX_PATH}:/home/rehmaan/ros2-projects/install/turtlesim_project:/home/rehmaan/ros2-projects/install/my_py_pkg:/home/rehmaan/ros2/install/py_pkg:/opt/ros/jazzy /usr/bin/cmake --build /home/rehmaan/sensor_fusion/build/custom_interfaces -- -j12 -l12
[0.797s] DEBUG:colcon.colcon_core.event_handler.log_command:Invoking command in '/home/rehmaan/sensor_fusion/build/custom_interfaces': CMAKE_PREFIX_PATH=${CMAKE_PREFIX_PATH}:/home/rehmaan/ros2-projects/install/turtlesim_project:/home/rehmaan/ros2-projects/install/my_py_pkg:/home/rehmaan/ros2/install/py_pkg:/opt/ros/jazzy /usr/bin/cmake --install /home/rehmaan/sensor_fusion/build/custom_interfaces
[0.871s] Level 1:colcon.colcon_core.environment:create_environment_scripts_only(custom_interfaces)
[0.879s] Level 1:colcon.colcon_core.environment:checking '/home/rehmaan/sensor_fusion/install/custom_interfaces' for CMake module files
[0.880s] DEBUG:colcon.colcon_core.event_handler.log_command:Invoked command in '/home/rehmaan/sensor_fusion/build/custom_interfaces' returned '0': CMAKE_PREFIX_PATH=${CMAKE_PREFIX_PATH}:/home/rehmaan/ros2-projects/install/turtlesim_project:/home/rehmaan/ros2-projects/install/my_py_pkg:/home/rehmaan/ros2/install/py_pkg:/opt/ros/jazzy /usr/bin/cmake --install /home/rehmaan/sensor_fusion/build/custom_interfaces
[0.881s] Level 1:colcon.colcon_core.environment:checking '/home/rehmaan/sensor_fusion/install/custom_interfaces' for CMake config files
[0.881s] Level 1:colcon.colcon_core.shell:create_environment_hook('custom_interfaces', 'cmake_prefix_path')
[0.882s] INFO:colcon.colcon_core.shell:Creating environment hook '/home/rehmaan/sensor_fusion/install/custom_interfaces/share/custom_interfaces/hook/cmake_prefix_path.ps1'
[0.883s] INFO:colcon.colcon_core.shell:Creating environment descriptor '/home/rehmaan/sensor_fusion/install/custom_interfaces/share/custom_interfaces/hook/cmake_prefix_path.dsv'
[0.883s] INFO:colcon.colcon_core.shell:Creating environment hook '/home/rehmaan/sensor_fusion/install/custom_interfaces/share/custom_interfaces/hook/cmake_prefix_path.sh'
[0.885s] Level 1:colcon.colcon_core.environment:checking '/home/rehmaan/sensor_fusion/install/custom_interfaces/lib'
[0.885s] Level 1:colcon.colcon_core.shell:create_environment_hook('custom_interfaces', 'ld_library_path_lib')
[0.885s] INFO:colcon.colcon_core.shell:Creating environment hook '/home/rehmaan/sensor_fusion/install/custom_interfaces/share/custom_interfaces/hook/ld_library_path_lib.ps1'
[0.886s] INFO:colcon.colcon_core.shell:Creating environment descriptor '/home/rehmaan/sensor_fusion/install/custom_interfaces/share/custom_interfaces/hook/ld_library_path_lib.dsv'
[0.886s] INFO:colcon.colcon_core.shell:Creating environment hook '/home/rehmaan/sensor_fusion/install/custom_interfaces/share/custom_interfaces/hook/ld_library_path_lib.sh'
[0.886s] Level 1:colcon.colcon_core.environment:checking '/home/rehmaan/sensor_fusion/install/custom_interfaces/bin'
[0.886s] Level 1:colcon.colcon_core.environment:checking '/home/rehmaan/sensor_fusion/install/custom_interfaces/lib/pkgconfig/custom_interfaces.pc'
[0.887s] Level 1:colcon.colcon_core.environment:checking '/home/rehmaan/sensor_fusion/install/custom_interfaces/lib/python3.12/site-packages'
[0.887s] Level 1:colcon.colcon_core.shell:create_environment_hook('custom_interfaces', 'pythonpath')
[0.887s] INFO:colcon.colcon_core.shell:Creating environment hook '/home/rehmaan/sensor_fusion/install/custom_interfaces/share/custom_interfaces/hook/pythonpath.ps1'
[0.887s] INFO:colcon.colcon_core.shell:Creating environment descriptor '/home/rehmaan/sensor_fusion/install/custom_interfaces/share/custom_interfaces/hook/pythonpath.dsv'
[0.888s] INFO:colcon.colcon_core.shell:Creating environment hook '/home/rehmaan/sensor_fusion/install/custom_interfaces/share/custom_interfaces/hook/pythonpath.sh'
[0.889s] Level 1:colcon.colcon_core.environment:checking '/home/rehmaan/sensor_fusion/install/custom_interfaces/bin'
[0.889s] INFO:colcon.colcon_core.shell:Creating package script '/home/rehmaan/sensor_fusion/install/custom_interfaces/share/custom_interfaces/package.ps1'
[0.890s] INFO:colcon.colcon_core.shell:Creating package descriptor '/home/rehmaan/sensor_fusion/install/custom_interfaces/share/custom_interfaces/package.dsv'
[0.891s] INFO:colcon.colcon_core.shell:Creating package script '/home/rehmaan/sensor_fusion/install/custom_interfaces/share/custom_interfaces/package.sh'
[0.891s] INFO:colcon.colcon_core.shell:Creating package script '/home/rehmaan/sensor_fusion/install/custom_interfaces/share/custom_interfaces/package.bash'
[0.893s] INFO:colcon.colcon_core.shell:Creating package script '/home/rehmaan/sensor_fusion/install/custom_interfaces/share/custom_interfaces/package.zsh'
[0.894s] Level 1:colcon.colcon_core.environment:create_file_with_runtime_dependencies(/home/rehmaan/sensor_fusion/install/custom_interfaces/share/colcon-core/packages/custom_interfaces)
[0.895s] Level 1:colcon.colcon_core.environment:create_environment_scripts_only(custom_interfaces)
[0.895s] Level 1:colcon.colcon_core.environment:checking '/home/rehmaan/sensor_fusion/install/custom_interfaces' for CMake module files
[0.895s] Level 1:colcon.colcon_core.environment:checking '/home/rehmaan/sensor_fusion/install/custom_interfaces' for CMake config files
[0.896s] Level 1:colcon.colcon_core.shell:create_environment_hook('custom_interfaces', 'cmake_prefix_path')
[0.896s] INFO:colcon.colcon_core.shell:Creating environment hook '/home/rehmaan/sensor_fusion/install/custom_interfaces/share/custom_interfaces/hook/cmake_prefix_path.ps1'
[0.898s] INFO:colcon.colcon_core.shell:Creating environment descriptor '/home/rehmaan/sensor_fusion/install/custom_interfaces/share/custom_interfaces/hook/cmake_prefix_path.dsv'
[0.900s] INFO:colcon.colcon_core.shell:Creating environment hook '/home/rehmaan/sensor_fusion/install/custom_interfaces/share/custom_interfaces/hook/cmake_prefix_path.sh'
[0.901s] Level 1:colcon.colcon_core.environment:checking '/home/rehmaan/sensor_fusion/install/custom_interfaces/lib'
[0.903s] Level 1:colcon.colcon_core.shell:create_environment_hook('custom_interfaces', 'ld_library_path_lib')
[0.903s] INFO:colcon.colcon_core.shell:Creating environment hook '/home/rehmaan/sensor_fusion/install/custom_interfaces/share/custom_interfaces/hook/ld_library_path_lib.ps1'
[0.906s] INFO:colcon.colcon_core.shell:Creating environment descriptor '/home/rehmaan/sensor_fusion/install/custom_interfaces/share/custom_interfaces/hook/ld_library_path_lib.dsv'
[0.907s] INFO:colcon.colcon_core.shell:Creating environment hook '/home/rehmaan/sensor_fusion/install/custom_interfaces/share/custom_interfaces/hook/ld_library_path_lib.sh'
[0.911s] Level 1:colcon.colcon_core.environment:checking '/home/rehmaan/sensor_fusion/install/custom_interfaces/bin'
[0.911s] Level 1:colcon.colcon_core.environment:checking '/home/rehmaan/sensor_fusion/install/custom_interfaces/lib/pkgconfig/custom_interfaces.pc'
[0.913s] Level 1:colcon.colcon_core.environment:checking '/home/rehmaan/sensor_fusion/install/custom_interfaces/lib/python3.12/site-packages'
[0.914s] Level 1:colcon.colcon_core.shell:create_environment_hook('custom_interfaces', 'pythonpath')
[0.914s] INFO:colcon.colcon_core.shell:Creating environment hook '/home/rehmaan/sensor_fusion/install/custom_interfaces/share/custom_interfaces/hook/pythonpath.ps1'
[0.916s] INFO:colcon.colcon_core.shell:Creating environment descriptor '/home/rehmaan/sensor_fusion/install/custom_interfaces/share/custom_interfaces/hook/pythonpath.dsv'
[0.916s] INFO:colcon.colcon_core.shell:Creating environment hook '/home/rehmaan/sensor_fusion/install/custom_interfaces/share/custom_interfaces/hook/pythonpath.sh'
[0.917s] Level 1:colcon.colcon_core.environment:checking '/home/rehmaan/sensor_fusion/install/custom_interfaces/bin'
[0.918s] INFO:colcon.colcon_core.shell:Creating package script '/home/rehmaan/sensor_fusion/install/custom_interfaces/share/custom_interfaces/package.ps1'
[0.920s] INFO:colcon.colcon_core.shell:Creating package descriptor '/home/rehmaan/sensor_fusion/install/custom_interfaces/share/custom_interfaces/package.dsv'
[0.921s] INFO:colcon.colcon_core.shell:Creating package script '/home/rehmaan/sensor_fusion/install/custom_interfaces/share/custom_interfaces/package.sh'
[0.922s] INFO:colcon.colcon_core.shell:Creating package script '/home/rehmaan/sensor_fusion/install/custom_interfaces/share/custom_interfaces/package.bash'
[0.923s] INFO:colcon.colcon_core.shell:Creating package script '/home/rehmaan/sensor_fusion/install/custom_interfaces/share/custom_interfaces/package.zsh'
[0.924s] Level 1:colcon.colcon_core.environment:create_file_with_runtime_dependencies(/home/rehmaan/sensor_fusion/install/custom_interfaces/share/colcon-core/packages/custom_interfaces)
[0.925s] INFO:colcon.colcon_ros.task.ament_cmake.build:Building ROS package in '/home/rehmaan/sensor_fusion/src/sensors_data' with build type 'ament_cmake'
[0.925s] INFO:colcon.colcon_cmake.task.cmake.build:Building CMake package in '/home/rehmaan/sensor_fusion/src/sensors_data'
[0.926s] INFO:colcon.colcon_core.shell:Skip shell extension 'powershell' for command environment: Not usable outside of PowerShell
[0.926s] DEBUG:colcon.colcon_core.shell:Skip shell extension 'dsv' for command environment
[1.229s] DEBUG:colcon.colcon_core.event_handler.log_command:Invoking command in '/home/rehmaan/sensor_fusion/build/sensors_data': CMAKE_PREFIX_PATH=/home/rehmaan/sensor_fusion/install/custom_interfaces:/home/rehmaan/sensor_fusion/install/sensors_data:/home/rehmaan/sensor_fusion/install/sensor_fusion:/home/rehmaan/ros2-projects/install/my_robot_bringup:/home/rehmaan/ros2-projects/install/my_cpp_pkg:/home/rehmaan/ros2-projects/install/my_robot_interfaces:/home/rehmaan/ros2-projects/src/my_cpp_pkg/install/my_cpp_pkg:/home/rehmaan/ros2/install/launch_turtle_project:/home/rehmaan/ros2/install/cpp_pkg:/home/rehmaan/ros2/install/my_custom_interfaces:/opt/ros/jazzy/opt/gz_math_vendor:/opt/ros/jazzy/opt/gz_utils_vendor:/opt/ros/jazzy/opt/gz_cmake_vendor:/home/rehmaan/ros2-projects/install/turtlesim_project:/home/rehmaan/ros2-projects/install/my_py_pkg:/home/rehmaan/ros2/install/py_pkg:/opt/ros/jazzy /usr/bin/cmake /home/rehmaan/sensor_fusion/src/sensors_data -DCMAKE_INSTALL_PREFIX=/home/rehmaan/sensor_fusion/install/sensors_data
[2.736s] DEBUG:colcon.colcon_core.event_handler.log_command:Invoked command in '/home/rehmaan/sensor_fusion/build/sensors_data' returned '0': CMAKE_PREFIX_PATH=/home/rehmaan/sensor_fusion/install/custom_interfaces:/home/rehmaan/sensor_fusion/install/sensors_data:/home/rehmaan/sensor_fusion/install/sensor_fusion:/home/rehmaan/ros2-projects/install/my_robot_bringup:/home/rehmaan/ros2-projects/install/my_cpp_pkg:/home/rehmaan/ros2-projects/install/my_robot_interfaces:/home/rehmaan/ros2-projects/src/my_cpp_pkg/install/my_cpp_pkg:/home/rehmaan/ros2/install/launch_turtle_project:/home/rehmaan/ros2/install/cpp_pkg:/home/rehmaan/ros2/install/my_custom_interfaces:/opt/ros/jazzy/opt/gz_math_vendor:/opt/ros/jazzy/opt/gz_utils_vendor:/opt/ros/jazzy/opt/gz_cmake_vendor:/home/rehmaan/ros2-projects/install/turtlesim_project:/home/rehmaan/ros2-projects/install/my_py_pkg:/home/rehmaan/ros2/install/py_pkg:/opt/ros/jazzy /usr/bin/cmake /home/rehmaan/sensor_fusion/src/sensors_data -DCMAKE_INSTALL_PREFIX=/home/rehmaan/sensor_fusion/install/sensors_data
[2.739s] DEBUG:colcon.colcon_core.event_handler.log_command:Invoking command in '/home/rehmaan/sensor_fusion/build/sensors_data': CMAKE_PREFIX_PATH=/home/rehmaan/sensor_fusion/install/custom_interfaces:/home/rehmaan/sensor_fusion/install/sensors_data:/home/rehmaan/sensor_fusion/install/sensor_fusion:/home/rehmaan/ros2-projects/install/my_robot_bringup:/home/rehmaan/ros2-projects/install/my_cpp_pkg:/home/rehmaan/ros2-projects/install/my_robot_interfaces:/home/rehmaan/ros2-projects/src/my_cpp_pkg/install/my_cpp_pkg:/home/rehmaan/ros2/install/launch_turtle_project:/home/rehmaan/ros2/install/cpp_pkg:/home/rehmaan/ros2/install/my_custom_interfaces:/opt/ros/jazzy/opt/gz_math_vendor:/opt/ros/jazzy/opt/gz_utils_vendor:/opt/ros/jazzy/opt/gz_cmake_vendor:/home/rehmaan/ros2-projects/install/turtlesim_project:/home/rehmaan/ros2-projects/install/my_py_pkg:/home/rehmaan/ros2/install/py_pkg:/opt/ros/jazzy /usr/bin/cmake --build /home/rehmaan/sensor_fusion/build/sensors_data -- -j12 -l12
[2.773s] DEBUG:colcon.colcon_core.event_handler.log_command:Invoked command in '/home/rehmaan/sensor_fusion/build/sensors_data' returned '0': CMAKE_PREFIX_PATH=/home/rehmaan/sensor_fusion/install/custom_interfaces:/home/rehmaan/sensor_fusion/install/sensors_data:/home/rehmaan/sensor_fusion/install/sensor_fusion:/home/rehmaan/ros2-projects/install/my_robot_bringup:/home/rehmaan/ros2-projects/install/my_cpp_pkg:/home/rehmaan/ros2-projects/install/my_robot_interfaces:/home/rehmaan/ros2-projects/src/my_cpp_pkg/install/my_cpp_pkg:/home/rehmaan/ros2/install/launch_turtle_project:/home/rehmaan/ros2/install/cpp_pkg:/home/rehmaan/ros2/install/my_custom_interfaces:/opt/ros/jazzy/opt/gz_math_vendor:/opt/ros/jazzy/opt/gz_utils_vendor:/opt/ros/jazzy/opt/gz_cmake_vendor:/home/rehmaan/ros2-projects/install/turtlesim_project:/home/rehmaan/ros2-projects/install/my_py_pkg:/home/rehmaan/ros2/install/py_pkg:/opt/ros/jazzy /usr/bin/cmake --build /home/rehmaan/sensor_fusion/build/sensors_data -- -j12 -l12
[2.775s] DEBUG:colcon.colcon_core.event_handler.log_command:Invoking command in '/home/rehmaan/sensor_fusion/build/sensors_data': CMAKE_PREFIX_PATH=/home/rehmaan/sensor_fusion/install/custom_interfaces:/home/rehmaan/sensor_fusion/install/sensors_data:/home/rehmaan/sensor_fusion/install/sensor_fusion:/home/rehmaan/ros2-projects/install/my_robot_bringup:/home/rehmaan/ros2-projects/install/my_cpp_pkg:/home/rehmaan/ros2-projects/install/my_robot_interfaces:/home/rehmaan/ros2-projects/src/my_cpp_pkg/install/my_cpp_pkg:/home/rehmaan/ros2/install/launch_turtle_project:/home/rehmaan/ros2/install/cpp_pkg:/home/rehmaan/ros2/install/my_custom_interfaces:/opt/ros/jazzy/opt/gz_math_vendor:/opt/ros/jazzy/opt/gz_utils_vendor:/opt/ros/jazzy/opt/gz_cmake_vendor:/home/rehmaan/ros2-projects/install/turtlesim_project:/home/rehmaan/ros2-projects/install/my_py_pkg:/home/rehmaan/ros2/install/py_pkg:/opt/ros/jazzy /usr/bin/cmake --install /home/rehmaan/sensor_fusion/build/sensors_data
[2.785s] Level 1:colcon.colcon_core.environment:create_environment_scripts_only(sensors_data)
[2.785s] Level 1:colcon.colcon_core.environment:checking '/home/rehmaan/sensor_fusion/install/sensors_data' for CMake module files
[2.786s] DEBUG:colcon.colcon_core.event_handler.log_command:Invoked command in '/home/rehmaan/sensor_fusion/build/sensors_data' returned '0': CMAKE_PREFIX_PATH=/home/rehmaan/sensor_fusion/install/custom_interfaces:/home/rehmaan/sensor_fusion/install/sensors_data:/home/rehmaan/sensor_fusion/install/sensor_fusion:/home/rehmaan/ros2-projects/install/my_robot_bringup:/home/rehmaan/ros2-projects/install/my_cpp_pkg:/home/rehmaan/ros2-projects/install/my_robot_interfaces:/home/rehmaan/ros2-projects/src/my_cpp_pkg/install/my_cpp_pkg:/home/rehmaan/ros2/install/launch_turtle_project:/home/rehmaan/ros2/install/cpp_pkg:/home/rehmaan/ros2/install/my_custom_interfaces:/opt/ros/jazzy/opt/gz_math_vendor:/opt/ros/jazzy/opt/gz_utils_vendor:/opt/ros/jazzy/opt/gz_cmake_vendor:/home/rehmaan/ros2-projects/install/turtlesim_project:/home/rehmaan/ros2-projects/install/my_py_pkg:/home/rehmaan/ros2/install/py_pkg:/opt/ros/jazzy /usr/bin/cmake --install /home/rehmaan/sensor_fusion/build/sensors_data
[2.786s] Level 1:colcon.colcon_core.environment:checking '/home/rehmaan/sensor_fusion/install/sensors_data' for CMake config files
[2.786s] Level 1:colcon.colcon_core.shell:create_environment_hook('sensors_data', 'cmake_prefix_path')
[2.786s] INFO:colcon.colcon_core.shell:Creating environment hook '/home/rehmaan/sensor_fusion/install/sensors_data/share/sensors_data/hook/cmake_prefix_path.ps1'
[2.787s] INFO:colcon.colcon_core.shell:Creating environment descriptor '/home/rehmaan/sensor_fusion/install/sensors_data/share/sensors_data/hook/cmake_prefix_path.dsv'
[2.787s] INFO:colcon.colcon_core.shell:Creating environment hook '/home/rehmaan/sensor_fusion/install/sensors_data/share/sensors_data/hook/cmake_prefix_path.sh'
[2.788s] Level 1:colcon.colcon_core.environment:checking '/home/rehmaan/sensor_fusion/install/sensors_data/bin'
[2.788s] Level 1:colcon.colcon_core.environment:checking '/home/rehmaan/sensor_fusion/install/sensors_data/lib/pkgconfig/sensors_data.pc'
[2.788s] Level 1:colcon.colcon_core.environment:checking '/home/rehmaan/sensor_fusion/install/sensors_data/lib/python3.12/site-packages'
[2.788s] Level 1:colcon.colcon_core.environment:checking '/home/rehmaan/sensor_fusion/install/sensors_data/bin'
[2.788s] INFO:colcon.colcon_core.shell:Creating package script '/home/rehmaan/sensor_fusion/install/sensors_data/share/sensors_data/package.ps1'
[2.789s] INFO:colcon.colcon_core.shell:Creating package descriptor '/home/rehmaan/sensor_fusion/install/sensors_data/share/sensors_data/package.dsv'
[2.789s] INFO:colcon.colcon_core.shell:Creating package script '/home/rehmaan/sensor_fusion/install/sensors_data/share/sensors_data/package.sh'
[2.789s] INFO:colcon.colcon_core.shell:Creating package script '/home/rehmaan/sensor_fusion/install/sensors_data/share/sensors_data/package.bash'
[2.789s] INFO:colcon.colcon_core.shell:Creating package script '/home/rehmaan/sensor_fusion/install/sensors_data/share/sensors_data/package.zsh'
[2.790s] Level 1:colcon.colcon_core.environment:create_file_with_runtime_dependencies(/home/rehmaan/sensor_fusion/install/sensors_data/share/colcon-core/packages/sensors_data)
[2.790s] Level 1:colcon.colcon_core.environment:create_environment_scripts_only(sensors_data)
[2.790s] Level 1:colcon.colcon_core.environment:checking '/home/rehmaan/sensor_fusion/install/sensors_data' for CMake module files
[2.791s] Level 1:colcon.colcon_core.environment:checking '/home/rehmaan/sensor_fusion/install/sensors_data' for CMake config files
[2.791s] Level 1:colcon.colcon_core.shell:create_environment_hook('sensors_data', 'cmake_prefix_path')
[2.791s] INFO:colcon.colcon_core.shell:Creating environment hook '/home/rehmaan/sensor_fusion/install/sensors_data/share/sensors_data/hook/cmake_prefix_path.ps1'
[2.791s] INFO:colcon.colcon_core.shell:Creating environment descriptor '/home/rehmaan/sensor_fusion/install/sensors_data/share/sensors_data/hook/cmake_prefix_path.dsv'
[2.792s] INFO:colcon.colcon_core.shell:Creating environment hook '/home/rehmaan/sensor_fusion/install/sensors_data/share/sensors_data/hook/cmake_prefix_path.sh'
[2.792s] Level 1:colcon.colcon_core.environment:checking '/home/rehmaan/sensor_fusion/install/sensors_data/bin'
[2.792s] Level 1:colcon.colcon_core.environment:checking '/home/rehmaan/sensor_fusion/install/sensors_data/lib/pkgconfig/sensors_data.pc'
[2.793s] Level 1:colcon.colcon_core.environment:checking '/home/rehmaan/sensor_fusion/install/sensors_data/lib/python3.12/site-packages'
[2.793s] Level 1:colcon.colcon_core.environment:checking '/home/rehmaan/sensor_fusion/install/sensors_data/bin'
[2.793s] INFO:colcon.colcon_core.shell:Creating package script '/home/rehmaan/sensor_fusion/install/sensors_data/share/sensors_data/package.ps1'
[2.794s] INFO:colcon.colcon_core.shell:Creating package descriptor '/home/rehmaan/sensor_fusion/install/sensors_data/share/sensors_data/package.dsv'
[2.794s] INFO:colcon.colcon_core.shell:Creating package script '/home/rehmaan/sensor_fusion/install/sensors_data/share/sensors_data/package.sh'
[2.795s] INFO:colcon.colcon_core.shell:Creating package script '/home/rehmaan/sensor_fusion/install/sensors_data/share/sensors_data/package.bash'
[2.796s] INFO:colcon.colcon_core.shell:Creating package script '/home/rehmaan/sensor_fusion/install/sensors_data/share/sensors_data/package.zsh'
[2.796s] Level 1:colcon.colcon_core.environment:create_file_with_runtime_dependencies(/home/rehmaan/sensor_fusion/install/sensors_data/share/colcon-core/packages/sensors_data)
[2.796s] DEBUG:colcon.colcon_parallel_executor.executor.parallel:closing loop
[2.797s] DEBUG:colcon.colcon_parallel_executor.executor.parallel:loop closed
[2.797s] DEBUG:colcon.colcon_parallel_executor.executor.parallel:run_until_complete finished with '0'
[2.797s] DEBUG:colcon.colcon_core.event_reactor:joining thread
[2.893s] INFO:colcon.colcon_core.plugin_system:Skipping extension 'colcon_notification.desktop_notification.notify_send': Could not find 'notify-send'
[2.894s] INFO:colcon.colcon_core.plugin_system:Skipping extension 'colcon_notification.desktop_notification.terminal_notifier': Not used on non-Darwin systems
[2.894s] INFO:colcon.colcon_core.plugin_system:Skipping extension 'colcon_notification.desktop_notification.win32': Not used on non-Windows systems
[2.894s] INFO:colcon.colcon_notification.desktop_notification:Sending desktop notification using 'notify2'
[2.895s] DEBUG:colcon.colcon_notification.desktop_notification.notify2:Failed to initialize notify2: org.freedesktop.DBus.Error.ServiceUnknown: The name org.freedesktop.Notifications was not provided by any .service files
[2.896s] DEBUG:colcon.colcon_core.event_reactor:joined thread
[2.896s] INFO:colcon.colcon_core.shell:Creating prefix script '/home/rehmaan/sensor_fusion/install/local_setup.ps1'
[2.897s] INFO:colcon.colcon_core.shell:Creating prefix util module '/home/rehmaan/sensor_fusion/install/_local_setup_util_ps1.py'
[2.897s] INFO:colcon.colcon_core.shell:Creating prefix chain script '/home/rehmaan/sensor_fusion/install/setup.ps1'
[2.898s] INFO:colcon.colcon_core.shell:Creating prefix script '/home/rehmaan/sensor_fusion/install/local_setup.sh'
[2.899s] INFO:colcon.colcon_core.shell:Creating prefix util module '/home/rehmaan/sensor_fusion/install/_local_setup_util_sh.py'
[2.899s] INFO:colcon.colcon_core.shell:Creating prefix chain script '/home/rehmaan/sensor_fusion/install/setup.sh'
[2.900s] INFO:colcon.colcon_core.shell:Creating prefix script '/home/rehmaan/sensor_fusion/install/local_setup.bash'
[2.900s] INFO:colcon.colcon_core.shell:Creating prefix chain script '/home/rehmaan/sensor_fusion/install/setup.bash'
[2.901s] INFO:colcon.colcon_core.shell:Creating prefix script '/home/rehmaan/sensor_fusion/install/local_setup.zsh'
[2.901s] INFO:colcon.colcon_core.shell:Creating prefix chain script '/home/rehmaan/sensor_fusion/install/setup.zsh'
