[0.339s] DEBUG:colcon:Command line arguments: ['/usr/bin/colcon', 'build', '--packages-select', 'sensors_data']
[0.339s] DEBUG:colcon:Parsed command line arguments: Namespace(log_base=None, log_level=None, verb_name='build', build_base='build', install_base='install', merge_install=False, symlink_install=False, test_result_base=None, continue_on_error=False, executor='parallel', parallel_workers=12, event_handlers=None, ignore_user_meta=False, metas=['./colcon.meta'], base_paths=['.'], packages_ignore=None, packages_ignore_regex=None, paths=None, packages_up_to=None, packages_up_to_regex=None, packages_above=None, packages_above_and_dependencies=None, packages_above_depth=None, packages_select_by_dep=None, packages_skip_by_dep=None, packages_skip_up_to=None, packages_select_build_failed=False, packages_skip_build_finished=False, packages_select_test_failures=False, packages_skip_test_passed=False, packages_select=['sensors_data'], packages_skip=None, packages_select_regex=None, packages_skip_regex=None, packages_start=None, packages_end=None, allow_overriding=[], cmake_args=None, cmake_target=None, cmake_target_skip_unavailable=False, cmake_clean_cache=False, cmake_clean_first=False, cmake_force_configure=False, ament_cmake_args=None, catkin_cmake_args=None, catkin_skip_building_tests=False, mixin_files=None, mixin=None, verb_parser=<colcon_mixin.mixin.mixin_argument.MixinArgumentDecorator object at 0x7ff0a3f070e0>, verb_extension=<colcon_core.verb.build.BuildVerb object at 0x7ff0a3f06e70>, main=<bound method BuildVerb.main of <colcon_core.verb.build.BuildVerb object at 0x7ff0a3f06e70>>, mixin_verb=('build',))
[0.389s] Level 1:colcon.colcon_core.package_discovery:discover_packages(colcon_meta) check parameters
[0.389s] Level 1:colcon.colcon_core.package_discovery:discover_packages(recursive) check parameters
[0.389s] Level 1:colcon.colcon_core.package_discovery:discover_packages(ignore) check parameters
[0.389s] Level 1:colcon.colcon_core.package_discovery:discover_packages(path) check parameters
[0.389s] Level 1:colcon.colcon_core.package_discovery:discover_packages(colcon_meta) discover
[0.390s] Level 1:colcon.colcon_core.package_discovery:discover_packages(recursive) discover
[0.390s] INFO:colcon.colcon_core.package_discovery:Crawling recursively for packages in '/home/rehmaan/sensor_fusion'
[0.391s] Level 1:colcon.colcon_core.package_identification:_identify(.) by extensions ['ignore', 'ignore_ament_install']
[0.391s] Level 1:colcon.colcon_core.package_identification:_identify(.) by extension 'ignore'
[0.392s] Level 1:colcon.colcon_core.package_identification:_identify(.) by extension 'ignore_ament_install'
[0.392s] Level 1:colcon.colcon_core.package_identification:_identify(.) by extensions ['colcon_pkg']
[0.392s] Level 1:colcon.colcon_core.package_identification:_identify(.) by extension 'colcon_pkg'
[0.392s] Level 1:colcon.colcon_core.package_identification:_identify(.) by extensions ['colcon_meta']
[0.392s] Level 1:colcon.colcon_core.package_identification:_identify(.) by extension 'colcon_meta'
[0.392s] Level 1:colcon.colcon_core.package_identification:_identify(.) by extensions ['ros']
[0.392s] Level 1:colcon.colcon_core.package_identification:_identify(.) by extension 'ros'
[0.435s] Level 1:colcon.colcon_core.package_identification:_identify(.) by extensions ['cmake', 'python']
[0.435s] Level 1:colcon.colcon_core.package_identification:_identify(.) by extension 'cmake'
[0.435s] Level 1:colcon.colcon_core.package_identification:_identify(.) by extension 'python'
[0.435s] Level 1:colcon.colcon_core.package_identification:_identify(.) by extensions ['python_setup_py']
[0.435s] Level 1:colcon.colcon_core.package_identification:_identify(.) by extension 'python_setup_py'
[0.435s] Level 1:colcon.colcon_core.package_identification:_identify(build) by extensions ['ignore', 'ignore_ament_install']
[0.436s] Level 1:colcon.colcon_core.package_identification:_identify(build) by extension 'ignore'
[0.436s] Level 1:colcon.colcon_core.package_identification:_identify(build) ignored
[0.436s] Level 1:colcon.colcon_core.package_identification:_identify(include) by extensions ['ignore', 'ignore_ament_install']
[0.436s] Level 1:colcon.colcon_core.package_identification:_identify(include) by extension 'ignore'
[0.436s] Level 1:colcon.colcon_core.package_identification:_identify(include) by extension 'ignore_ament_install'
[0.436s] Level 1:colcon.colcon_core.package_identification:_identify(include) by extensions ['colcon_pkg']
[0.436s] Level 1:colcon.colcon_core.package_identification:_identify(include) by extension 'colcon_pkg'
[0.436s] Level 1:colcon.colcon_core.package_identification:_identify(include) by extensions ['colcon_meta']
[0.436s] Level 1:colcon.colcon_core.package_identification:_identify(include) by extension 'colcon_meta'
[0.436s] Level 1:colcon.colcon_core.package_identification:_identify(include) by extensions ['ros']
[0.436s] Level 1:colcon.colcon_core.package_identification:_identify(include) by extension 'ros'
[0.436s] Level 1:colcon.colcon_core.package_identification:_identify(include) by extensions ['cmake', 'python']
[0.436s] Level 1:colcon.colcon_core.package_identification:_identify(include) by extension 'cmake'
[0.436s] Level 1:colcon.colcon_core.package_identification:_identify(include) by extension 'python'
[0.436s] Level 1:colcon.colcon_core.package_identification:_identify(include) by extensions ['python_setup_py']
[0.436s] Level 1:colcon.colcon_core.package_identification:_identify(include) by extension 'python_setup_py'
[0.436s] Level 1:colcon.colcon_core.package_identification:_identify(include/sensor_fusion) by extensions ['ignore', 'ignore_ament_install']
[0.436s] Level 1:colcon.colcon_core.package_identification:_identify(include/sensor_fusion) by extension 'ignore'
[0.436s] Level 1:colcon.colcon_core.package_identification:_identify(include/sensor_fusion) by extension 'ignore_ament_install'
[0.437s] Level 1:colcon.colcon_core.package_identification:_identify(include/sensor_fusion) by extensions ['colcon_pkg']
[0.437s] Level 1:colcon.colcon_core.package_identification:_identify(include/sensor_fusion) by extension 'colcon_pkg'
[0.437s] Level 1:colcon.colcon_core.package_identification:_identify(include/sensor_fusion) by extensions ['colcon_meta']
[0.437s] Level 1:colcon.colcon_core.package_identification:_identify(include/sensor_fusion) by extension 'colcon_meta'
[0.437s] Level 1:colcon.colcon_core.package_identification:_identify(include/sensor_fusion) by extensions ['ros']
[0.437s] Level 1:colcon.colcon_core.package_identification:_identify(include/sensor_fusion) by extension 'ros'
[0.437s] Level 1:colcon.colcon_core.package_identification:_identify(include/sensor_fusion) by extensions ['cmake', 'python']
[0.437s] Level 1:colcon.colcon_core.package_identification:_identify(include/sensor_fusion) by extension 'cmake'
[0.437s] Level 1:colcon.colcon_core.package_identification:_identify(include/sensor_fusion) by extension 'python'
[0.437s] Level 1:colcon.colcon_core.package_identification:_identify(include/sensor_fusion) by extensions ['python_setup_py']
[0.437s] Level 1:colcon.colcon_core.package_identification:_identify(include/sensor_fusion) by extension 'python_setup_py'
[0.437s] Level 1:colcon.colcon_core.package_identification:_identify(install) by extensions ['ignore', 'ignore_ament_install']
[0.437s] Level 1:colcon.colcon_core.package_identification:_identify(install) by extension 'ignore'
[0.437s] Level 1:colcon.colcon_core.package_identification:_identify(install) ignored
[0.437s] Level 1:colcon.colcon_core.package_identification:_identify(log) by extensions ['ignore', 'ignore_ament_install']
[0.437s] Level 1:colcon.colcon_core.package_identification:_identify(log) by extension 'ignore'
[0.437s] Level 1:colcon.colcon_core.package_identification:_identify(log) ignored
[0.437s] Level 1:colcon.colcon_core.package_identification:_identify(src) by extensions ['ignore', 'ignore_ament_install']
[0.437s] Level 1:colcon.colcon_core.package_identification:_identify(src) by extension 'ignore'
[0.437s] Level 1:colcon.colcon_core.package_identification:_identify(src) by extension 'ignore_ament_install'
[0.437s] Level 1:colcon.colcon_core.package_identification:_identify(src) by extensions ['colcon_pkg']
[0.437s] Level 1:colcon.colcon_core.package_identification:_identify(src) by extension 'colcon_pkg'
[0.438s] Level 1:colcon.colcon_core.package_identification:_identify(src) by extensions ['colcon_meta']
[0.438s] Level 1:colcon.colcon_core.package_identification:_identify(src) by extension 'colcon_meta'
[0.438s] Level 1:colcon.colcon_core.package_identification:_identify(src) by extensions ['ros']
[0.438s] Level 1:colcon.colcon_core.package_identification:_identify(src) by extension 'ros'
[0.438s] Level 1:colcon.colcon_core.package_identification:_identify(src) by extensions ['cmake', 'python']
[0.438s] Level 1:colcon.colcon_core.package_identification:_identify(src) by extension 'cmake'
[0.438s] Level 1:colcon.colcon_core.package_identification:_identify(src) by extension 'python'
[0.438s] Level 1:colcon.colcon_core.package_identification:_identify(src) by extensions ['python_setup_py']
[0.438s] Level 1:colcon.colcon_core.package_identification:_identify(src) by extension 'python_setup_py'
[0.438s] Level 1:colcon.colcon_core.package_identification:_identify(src/custom_interfaces) by extensions ['ignore', 'ignore_ament_install']
[0.438s] Level 1:colcon.colcon_core.package_identification:_identify(src/custom_interfaces) by extension 'ignore'
[0.438s] Level 1:colcon.colcon_core.package_identification:_identify(src/custom_interfaces) by extension 'ignore_ament_install'
[0.438s] Level 1:colcon.colcon_core.package_identification:_identify(src/custom_interfaces) by extensions ['colcon_pkg']
[0.438s] Level 1:colcon.colcon_core.package_identification:_identify(src/custom_interfaces) by extension 'colcon_pkg'
[0.438s] Level 1:colcon.colcon_core.package_identification:_identify(src/custom_interfaces) by extensions ['colcon_meta']
[0.438s] Level 1:colcon.colcon_core.package_identification:_identify(src/custom_interfaces) by extension 'colcon_meta'
[0.438s] Level 1:colcon.colcon_core.package_identification:_identify(src/custom_interfaces) by extensions ['ros']
[0.438s] Level 1:colcon.colcon_core.package_identification:_identify(src/custom_interfaces) by extension 'ros'
[0.441s] DEBUG:colcon.colcon_core.package_identification:Package 'src/custom_interfaces' with type 'ros.ament_cmake' and name 'custom_interfaces'
[0.441s] Level 1:colcon.colcon_core.package_identification:_identify(src/sensors_data) by extensions ['ignore', 'ignore_ament_install']
[0.442s] Level 1:colcon.colcon_core.package_identification:_identify(src/sensors_data) by extension 'ignore'
[0.442s] Level 1:colcon.colcon_core.package_identification:_identify(src/sensors_data) by extension 'ignore_ament_install'
[0.442s] Level 1:colcon.colcon_core.package_identification:_identify(src/sensors_data) by extensions ['colcon_pkg']
[0.442s] Level 1:colcon.colcon_core.package_identification:_identify(src/sensors_data) by extension 'colcon_pkg'
[0.442s] Level 1:colcon.colcon_core.package_identification:_identify(src/sensors_data) by extensions ['colcon_meta']
[0.443s] Level 1:colcon.colcon_core.package_identification:_identify(src/sensors_data) by extension 'colcon_meta'
[0.443s] Level 1:colcon.colcon_core.package_identification:_identify(src/sensors_data) by extensions ['ros']
[0.443s] Level 1:colcon.colcon_core.package_identification:_identify(src/sensors_data) by extension 'ros'
[0.444s] DEBUG:colcon.colcon_core.package_identification:Package 'src/sensors_data' with type 'ros.ament_cmake' and name 'sensors_data'
[0.444s] Level 1:colcon.colcon_core.package_discovery:discover_packages(recursive) using defaults
[0.444s] Level 1:colcon.colcon_core.package_discovery:discover_packages(ignore) discover
[0.444s] Level 1:colcon.colcon_core.package_discovery:discover_packages(ignore) using defaults
[0.444s] Level 1:colcon.colcon_core.package_discovery:discover_packages(path) discover
[0.444s] Level 1:colcon.colcon_core.package_discovery:discover_packages(path) using defaults
[0.471s] INFO:colcon.colcon_core.package_selection:Skipping not selected package 'custom_interfaces' in 'src/custom_interfaces'
[0.472s] Level 1:colcon.colcon_core.package_discovery:discover_packages(prefix_path) check parameters
[0.472s] Level 1:colcon.colcon_core.package_discovery:discover_packages(prefix_path) discover
[0.475s] DEBUG:colcon.colcon_installed_package_information.package_discovery:Found 2 installed packages in /home/rehmaan/sensor_fusion/install
[0.476s] DEBUG:colcon.colcon_installed_package_information.package_discovery:Found 5 installed packages in /home/rehmaan/ros2-projects/install
[0.476s] DEBUG:colcon.colcon_installed_package_information.package_discovery:Found 1 installed packages in /home/rehmaan/ros2-projects/src/my_cpp_pkg/install
[0.477s] DEBUG:colcon.colcon_installed_package_information.package_discovery:Found 4 installed packages in /home/rehmaan/ros2/install
[0.479s] DEBUG:colcon.colcon_installed_package_information.package_discovery:Found 291 installed packages in /opt/ros/jazzy
[0.481s] Level 1:colcon.colcon_core.package_discovery:discover_packages(prefix_path) using defaults
[0.535s] Level 5:colcon.colcon_core.verb:set package 'sensors_data' build argument 'cmake_args' from command line to 'None'
[0.535s] Level 5:colcon.colcon_core.verb:set package 'sensors_data' build argument 'cmake_target' from command line to 'None'
[0.535s] Level 5:colcon.colcon_core.verb:set package 'sensors_data' build argument 'cmake_target_skip_unavailable' from command line to 'False'
[0.535s] Level 5:colcon.colcon_core.verb:set package 'sensors_data' build argument 'cmake_clean_cache' from command line to 'False'
[0.535s] Level 5:colcon.colcon_core.verb:set package 'sensors_data' build argument 'cmake_clean_first' from command line to 'False'
[0.535s] Level 5:colcon.colcon_core.verb:set package 'sensors_data' build argument 'cmake_force_configure' from command line to 'False'
[0.535s] Level 5:colcon.colcon_core.verb:set package 'sensors_data' build argument 'ament_cmake_args' from command line to 'None'
[0.535s] Level 5:colcon.colcon_core.verb:set package 'sensors_data' build argument 'catkin_cmake_args' from command line to 'None'
[0.535s] Level 5:colcon.colcon_core.verb:set package 'sensors_data' build argument 'catkin_skip_building_tests' from command line to 'False'
[0.535s] DEBUG:colcon.colcon_core.verb:Building package 'sensors_data' with the following arguments: {'ament_cmake_args': None, 'build_base': '/home/rehmaan/sensor_fusion/build/sensors_data', 'catkin_cmake_args': None, 'catkin_skip_building_tests': False, 'cmake_args': None, 'cmake_clean_cache': False, 'cmake_clean_first': False, 'cmake_force_configure': False, 'cmake_target': None, 'cmake_target_skip_unavailable': False, 'install_base': '/home/rehmaan/sensor_fusion/install/sensors_data', 'merge_install': False, 'path': '/home/rehmaan/sensor_fusion/src/sensors_data', 'symlink_install': False, 'test_result_base': None}
[0.536s] INFO:colcon.colcon_core.executor:Executing jobs using 'parallel' executor
[0.538s] DEBUG:colcon.colcon_parallel_executor.executor.parallel:run_until_complete
[0.539s] INFO:colcon.colcon_ros.task.ament_cmake.build:Building ROS package in '/home/rehmaan/sensor_fusion/src/sensors_data' with build type 'ament_cmake'
[0.539s] INFO:colcon.colcon_cmake.task.cmake.build:Building CMake package in '/home/rehmaan/sensor_fusion/src/sensors_data'
[0.543s] INFO:colcon.colcon_core.plugin_system:Skipping extension 'colcon_core.shell.bat': Not used on non-Windows systems
[0.543s] INFO:colcon.colcon_core.shell:Skip shell extension 'powershell' for command environment: Not usable outside of PowerShell
[0.543s] DEBUG:colcon.colcon_core.shell:Skip shell extension 'dsv' for command environment
[0.889s] DEBUG:colcon.colcon_core.event_handler.log_command:Invoking command in '/home/rehmaan/sensor_fusion/build/sensors_data': CMAKE_PREFIX_PATH=/home/rehmaan/sensor_fusion/install/custom_interfaces:/home/rehmaan/sensor_fusion/install/sensors_data:/home/rehmaan/ros2-projects/install/my_robot_bringup:/home/rehmaan/ros2-projects/install/my_cpp_pkg:/home/rehmaan/ros2-projects/install/my_robot_interfaces:/home/rehmaan/ros2-projects/src/my_cpp_pkg/install/my_cpp_pkg:/home/rehmaan/ros2/install/launch_turtle_project:/home/rehmaan/ros2/install/cpp_pkg:/home/rehmaan/ros2/install/my_custom_interfaces:/opt/ros/jazzy/opt/gz_math_vendor:/opt/ros/jazzy/opt/gz_utils_vendor:/opt/ros/jazzy/opt/gz_cmake_vendor:/home/rehmaan/ros2-projects/install/turtlesim_project:/home/rehmaan/ros2-projects/install/my_py_pkg:/home/rehmaan/ros2/install/py_pkg:/opt/ros/jazzy /usr/bin/cmake --build /home/rehmaan/sensor_fusion/build/sensors_data -- -j12 -l12
[6.454s] DEBUG:colcon.colcon_core.event_handler.log_command:Invoked command in '/home/rehmaan/sensor_fusion/build/sensors_data' returned '0': CMAKE_PREFIX_PATH=/home/rehmaan/sensor_fusion/install/custom_interfaces:/home/rehmaan/sensor_fusion/install/sensors_data:/home/rehmaan/ros2-projects/install/my_robot_bringup:/home/rehmaan/ros2-projects/install/my_cpp_pkg:/home/rehmaan/ros2-projects/install/my_robot_interfaces:/home/rehmaan/ros2-projects/src/my_cpp_pkg/install/my_cpp_pkg:/home/rehmaan/ros2/install/launch_turtle_project:/home/rehmaan/ros2/install/cpp_pkg:/home/rehmaan/ros2/install/my_custom_interfaces:/opt/ros/jazzy/opt/gz_math_vendor:/opt/ros/jazzy/opt/gz_utils_vendor:/opt/ros/jazzy/opt/gz_cmake_vendor:/home/rehmaan/ros2-projects/install/turtlesim_project:/home/rehmaan/ros2-projects/install/my_py_pkg:/home/rehmaan/ros2/install/py_pkg:/opt/ros/jazzy /usr/bin/cmake --build /home/rehmaan/sensor_fusion/build/sensors_data -- -j12 -l12
[6.467s] DEBUG:colcon.colcon_core.event_handler.log_command:Invoking command in '/home/rehmaan/sensor_fusion/build/sensors_data': CMAKE_PREFIX_PATH=/home/rehmaan/sensor_fusion/install/custom_interfaces:/home/rehmaan/sensor_fusion/install/sensors_data:/home/rehmaan/ros2-projects/install/my_robot_bringup:/home/rehmaan/ros2-projects/install/my_cpp_pkg:/home/rehmaan/ros2-projects/install/my_robot_interfaces:/home/rehmaan/ros2-projects/src/my_cpp_pkg/install/my_cpp_pkg:/home/rehmaan/ros2/install/launch_turtle_project:/home/rehmaan/ros2/install/cpp_pkg:/home/rehmaan/ros2/install/my_custom_interfaces:/opt/ros/jazzy/opt/gz_math_vendor:/opt/ros/jazzy/opt/gz_utils_vendor:/opt/ros/jazzy/opt/gz_cmake_vendor:/home/rehmaan/ros2-projects/install/turtlesim_project:/home/rehmaan/ros2-projects/install/my_py_pkg:/home/rehmaan/ros2/install/py_pkg:/opt/ros/jazzy /usr/bin/cmake --install /home/rehmaan/sensor_fusion/build/sensors_data
[6.486s] Level 1:colcon.colcon_core.environment:create_environment_scripts_only(sensors_data)
[6.487s] DEBUG:colcon.colcon_core.event_handler.log_command:Invoked command in '/home/rehmaan/sensor_fusion/build/sensors_data' returned '0': CMAKE_PREFIX_PATH=/home/rehmaan/sensor_fusion/install/custom_interfaces:/home/rehmaan/sensor_fusion/install/sensors_data:/home/rehmaan/ros2-projects/install/my_robot_bringup:/home/rehmaan/ros2-projects/install/my_cpp_pkg:/home/rehmaan/ros2-projects/install/my_robot_interfaces:/home/rehmaan/ros2-projects/src/my_cpp_pkg/install/my_cpp_pkg:/home/rehmaan/ros2/install/launch_turtle_project:/home/rehmaan/ros2/install/cpp_pkg:/home/rehmaan/ros2/install/my_custom_interfaces:/opt/ros/jazzy/opt/gz_math_vendor:/opt/ros/jazzy/opt/gz_utils_vendor:/opt/ros/jazzy/opt/gz_cmake_vendor:/home/rehmaan/ros2-projects/install/turtlesim_project:/home/rehmaan/ros2-projects/install/my_py_pkg:/home/rehmaan/ros2/install/py_pkg:/opt/ros/jazzy /usr/bin/cmake --install /home/rehmaan/sensor_fusion/build/sensors_data
[6.491s] Level 1:colcon.colcon_core.environment:checking '/home/rehmaan/sensor_fusion/install/sensors_data' for CMake module files
[6.492s] Level 1:colcon.colcon_core.environment:checking '/home/rehmaan/sensor_fusion/install/sensors_data' for CMake config files
[6.492s] Level 1:colcon.colcon_core.shell:create_environment_hook('sensors_data', 'cmake_prefix_path')
[6.492s] INFO:colcon.colcon_core.shell:Creating environment hook '/home/rehmaan/sensor_fusion/install/sensors_data/share/sensors_data/hook/cmake_prefix_path.ps1'
[6.494s] INFO:colcon.colcon_core.shell:Creating environment descriptor '/home/rehmaan/sensor_fusion/install/sensors_data/share/sensors_data/hook/cmake_prefix_path.dsv'
[6.495s] INFO:colcon.colcon_core.shell:Creating environment hook '/home/rehmaan/sensor_fusion/install/sensors_data/share/sensors_data/hook/cmake_prefix_path.sh'
[6.495s] Level 1:colcon.colcon_core.environment:checking '/home/rehmaan/sensor_fusion/install/sensors_data/lib'
[6.496s] Level 1:colcon.colcon_core.environment:checking '/home/rehmaan/sensor_fusion/install/sensors_data/bin'
[6.496s] Level 1:colcon.colcon_core.environment:checking '/home/rehmaan/sensor_fusion/install/sensors_data/lib/pkgconfig/sensors_data.pc'
[6.496s] Level 1:colcon.colcon_core.environment:checking '/home/rehmaan/sensor_fusion/install/sensors_data/lib/python3.12/site-packages'
[6.496s] Level 1:colcon.colcon_core.environment:checking '/home/rehmaan/sensor_fusion/install/sensors_data/bin'
[6.497s] INFO:colcon.colcon_core.shell:Creating package script '/home/rehmaan/sensor_fusion/install/sensors_data/share/sensors_data/package.ps1'
[6.498s] INFO:colcon.colcon_core.shell:Creating package descriptor '/home/rehmaan/sensor_fusion/install/sensors_data/share/sensors_data/package.dsv'
[6.499s] INFO:colcon.colcon_core.shell:Creating package script '/home/rehmaan/sensor_fusion/install/sensors_data/share/sensors_data/package.sh'
[6.499s] INFO:colcon.colcon_core.shell:Creating package script '/home/rehmaan/sensor_fusion/install/sensors_data/share/sensors_data/package.bash'
[6.500s] INFO:colcon.colcon_core.shell:Creating package script '/home/rehmaan/sensor_fusion/install/sensors_data/share/sensors_data/package.zsh'
[6.502s] Level 1:colcon.colcon_core.environment:create_file_with_runtime_dependencies(/home/rehmaan/sensor_fusion/install/sensors_data/share/colcon-core/packages/sensors_data)
[6.503s] Level 1:colcon.colcon_core.environment:create_environment_scripts_only(sensors_data)
[6.503s] Level 1:colcon.colcon_core.environment:checking '/home/rehmaan/sensor_fusion/install/sensors_data' for CMake module files
[6.504s] Level 1:colcon.colcon_core.environment:checking '/home/rehmaan/sensor_fusion/install/sensors_data' for CMake config files
[6.504s] Level 1:colcon.colcon_core.shell:create_environment_hook('sensors_data', 'cmake_prefix_path')
[6.504s] INFO:colcon.colcon_core.shell:Creating environment hook '/home/rehmaan/sensor_fusion/install/sensors_data/share/sensors_data/hook/cmake_prefix_path.ps1'
[6.505s] INFO:colcon.colcon_core.shell:Creating environment descriptor '/home/rehmaan/sensor_fusion/install/sensors_data/share/sensors_data/hook/cmake_prefix_path.dsv'
[6.505s] INFO:colcon.colcon_core.shell:Creating environment hook '/home/rehmaan/sensor_fusion/install/sensors_data/share/sensors_data/hook/cmake_prefix_path.sh'
[6.506s] Level 1:colcon.colcon_core.environment:checking '/home/rehmaan/sensor_fusion/install/sensors_data/lib'
[6.506s] Level 1:colcon.colcon_core.environment:checking '/home/rehmaan/sensor_fusion/install/sensors_data/bin'
[6.506s] Level 1:colcon.colcon_core.environment:checking '/home/rehmaan/sensor_fusion/install/sensors_data/lib/pkgconfig/sensors_data.pc'
[6.506s] Level 1:colcon.colcon_core.environment:checking '/home/rehmaan/sensor_fusion/install/sensors_data/lib/python3.12/site-packages'
[6.506s] Level 1:colcon.colcon_core.environment:checking '/home/rehmaan/sensor_fusion/install/sensors_data/bin'
[6.507s] INFO:colcon.colcon_core.shell:Creating package script '/home/rehmaan/sensor_fusion/install/sensors_data/share/sensors_data/package.ps1'
[6.507s] INFO:colcon.colcon_core.shell:Creating package descriptor '/home/rehmaan/sensor_fusion/install/sensors_data/share/sensors_data/package.dsv'
[6.508s] INFO:colcon.colcon_core.shell:Creating package script '/home/rehmaan/sensor_fusion/install/sensors_data/share/sensors_data/package.sh'
[6.508s] INFO:colcon.colcon_core.shell:Creating package script '/home/rehmaan/sensor_fusion/install/sensors_data/share/sensors_data/package.bash'
[6.509s] INFO:colcon.colcon_core.shell:Creating package script '/home/rehmaan/sensor_fusion/install/sensors_data/share/sensors_data/package.zsh'
[6.509s] Level 1:colcon.colcon_core.environment:create_file_with_runtime_dependencies(/home/rehmaan/sensor_fusion/install/sensors_data/share/colcon-core/packages/sensors_data)
[6.511s] DEBUG:colcon.colcon_parallel_executor.executor.parallel:closing loop
[6.512s] DEBUG:colcon.colcon_parallel_executor.executor.parallel:loop closed
[6.512s] DEBUG:colcon.colcon_parallel_executor.executor.parallel:run_until_complete finished with '0'
[6.512s] DEBUG:colcon.colcon_core.event_reactor:joining thread
[6.651s] INFO:colcon.colcon_core.plugin_system:Skipping extension 'colcon_notification.desktop_notification.notify_send': Could not find 'notify-send'
[6.651s] INFO:colcon.colcon_core.plugin_system:Skipping extension 'colcon_notification.desktop_notification.terminal_notifier': Not used on non-Darwin systems
[6.651s] INFO:colcon.colcon_core.plugin_system:Skipping extension 'colcon_notification.desktop_notification.win32': Not used on non-Windows systems
[6.651s] INFO:colcon.colcon_notification.desktop_notification:Sending desktop notification using 'notify2'
[6.658s] DEBUG:colcon.colcon_notification.desktop_notification.notify2:Failed to initialize notify2: org.freedesktop.DBus.Error.ServiceUnknown: The name org.freedesktop.Notifications was not provided by any .service files
[6.659s] DEBUG:colcon.colcon_core.event_reactor:joined thread
[6.659s] INFO:colcon.colcon_core.shell:Creating prefix script '/home/rehmaan/sensor_fusion/install/local_setup.ps1'
[6.660s] INFO:colcon.colcon_core.shell:Creating prefix util module '/home/rehmaan/sensor_fusion/install/_local_setup_util_ps1.py'
[6.661s] INFO:colcon.colcon_core.shell:Creating prefix chain script '/home/rehmaan/sensor_fusion/install/setup.ps1'
[6.663s] INFO:colcon.colcon_core.shell:Creating prefix script '/home/rehmaan/sensor_fusion/install/local_setup.sh'
[6.663s] INFO:colcon.colcon_core.shell:Creating prefix util module '/home/rehmaan/sensor_fusion/install/_local_setup_util_sh.py'
[6.664s] INFO:colcon.colcon_core.shell:Creating prefix chain script '/home/rehmaan/sensor_fusion/install/setup.sh'
[6.666s] INFO:colcon.colcon_core.shell:Creating prefix script '/home/rehmaan/sensor_fusion/install/local_setup.bash'
[6.666s] INFO:colcon.colcon_core.shell:Creating prefix chain script '/home/rehmaan/sensor_fusion/install/setup.bash'
[6.667s] INFO:colcon.colcon_core.shell:Creating prefix script '/home/rehmaan/sensor_fusion/install/local_setup.zsh'
[6.668s] INFO:colcon.colcon_core.shell:Creating prefix chain script '/home/rehmaan/sensor_fusion/install/setup.zsh'
