[0.382s] Invoking command in '/home/rehmaan/sensor_fusion/build/sensors_data': AMENT_PREFIX_PATH=/home/rehmaan/sensor_fusion/install/custom_interfaces:${AMENT_PREFIX_PATH} CMAKE_PREFIX_PATH=/home/rehmaan/sensor_fusion/install/custom_interfaces:/home/rehmaan/ros2-projects/install/my_robot_bringup:/home/rehmaan/ros2-projects/install/my_cpp_pkg:/home/rehmaan/ros2-projects/install/my_robot_interfaces:/home/rehmaan/ros2-projects/src/my_cpp_pkg/install/my_cpp_pkg:/home/rehmaan/ros2/install/launch_turtle_project:/home/rehmaan/ros2/install/cpp_pkg:/home/rehmaan/ros2/install/my_custom_interfaces:/opt/ros/jazzy/opt/gz_math_vendor:/opt/ros/jazzy/opt/gz_utils_vendor:/opt/ros/jazzy/opt/gz_cmake_vendor:/home/rehmaan/ros2-projects/install/turtlesim_project:/home/rehmaan/ros2-projects/install/my_py_pkg:/home/rehmaan/ros2/install/py_pkg:/opt/ros/jazzy LD_LIBRARY_PATH=/home/rehmaan/sensor_fusion/install/custom_interfaces/lib:${LD_LIBRARY_PATH} PYTHONPATH=/home/rehmaan/sensor_fusion/install/custom_interfaces/lib/python3.12/site-packages:${PYTHONPATH} /usr/bin/cmake --build /home/rehmaan/sensor_fusion/build/sensors_data -- -j12 -l12
[0.634s] [ 50%] Built target odometry_node
[0.650s] [ 75%] [32mBuilding CXX object CMakeFiles/battery_node.dir/src/battery.cpp.o[0m
[9.184s] [100%] [32m[1mLinking CXX executable battery_node[0m
[9.875s] [100%] Built target battery_node
[9.896s] Invoked command in '/home/rehmaan/sensor_fusion/build/sensors_data' returned '0': AMENT_PREFIX_PATH=/home/rehmaan/sensor_fusion/install/custom_interfaces:${AMENT_PREFIX_PATH} CMAKE_PREFIX_PATH=/home/rehmaan/sensor_fusion/install/custom_interfaces:/home/rehmaan/ros2-projects/install/my_robot_bringup:/home/rehmaan/ros2-projects/install/my_cpp_pkg:/home/rehmaan/ros2-projects/install/my_robot_interfaces:/home/rehmaan/ros2-projects/src/my_cpp_pkg/install/my_cpp_pkg:/home/rehmaan/ros2/install/launch_turtle_project:/home/rehmaan/ros2/install/cpp_pkg:/home/rehmaan/ros2/install/my_custom_interfaces:/opt/ros/jazzy/opt/gz_math_vendor:/opt/ros/jazzy/opt/gz_utils_vendor:/opt/ros/jazzy/opt/gz_cmake_vendor:/home/rehmaan/ros2-projects/install/turtlesim_project:/home/rehmaan/ros2-projects/install/my_py_pkg:/home/rehmaan/ros2/install/py_pkg:/opt/ros/jazzy LD_LIBRARY_PATH=/home/rehmaan/sensor_fusion/install/custom_interfaces/lib:${LD_LIBRARY_PATH} PYTHONPATH=/home/rehmaan/sensor_fusion/install/custom_interfaces/lib/python3.12/site-packages:${PYTHONPATH} /usr/bin/cmake --build /home/rehmaan/sensor_fusion/build/sensors_data -- -j12 -l12
[9.913s] Invoking command in '/home/rehmaan/sensor_fusion/build/sensors_data': AMENT_PREFIX_PATH=/home/rehmaan/sensor_fusion/install/custom_interfaces:${AMENT_PREFIX_PATH} CMAKE_PREFIX_PATH=/home/rehmaan/sensor_fusion/install/custom_interfaces:/home/rehmaan/ros2-projects/install/my_robot_bringup:/home/rehmaan/ros2-projects/install/my_cpp_pkg:/home/rehmaan/ros2-projects/install/my_robot_interfaces:/home/rehmaan/ros2-projects/src/my_cpp_pkg/install/my_cpp_pkg:/home/rehmaan/ros2/install/launch_turtle_project:/home/rehmaan/ros2/install/cpp_pkg:/home/rehmaan/ros2/install/my_custom_interfaces:/opt/ros/jazzy/opt/gz_math_vendor:/opt/ros/jazzy/opt/gz_utils_vendor:/opt/ros/jazzy/opt/gz_cmake_vendor:/home/rehmaan/ros2-projects/install/turtlesim_project:/home/rehmaan/ros2-projects/install/my_py_pkg:/home/rehmaan/ros2/install/py_pkg:/opt/ros/jazzy LD_LIBRARY_PATH=/home/rehmaan/sensor_fusion/install/custom_interfaces/lib:${LD_LIBRARY_PATH} PYTHONPATH=/home/rehmaan/sensor_fusion/install/custom_interfaces/lib/python3.12/site-packages:${PYTHONPATH} /usr/bin/cmake --install /home/rehmaan/sensor_fusion/build/sensors_data
[9.923s] -- Install configuration: ""
[9.926s] -- Up-to-date: /home/rehmaan/sensor_fusion/install/sensors_data/lib/sensors_data/odometry_node
[9.928s] -- Installing: /home/rehmaan/sensor_fusion/install/sensors_data/lib/sensors_data/battery_node
[9.935s] -- Set non-toolchain portion of runtime path of "/home/rehmaan/sensor_fusion/install/sensors_data/lib/sensors_data/battery_node" to ""
[9.935s] -- Up-to-date: /home/rehmaan/sensor_fusion/install/sensors_data/share/ament_index/resource_index/package_run_dependencies/sensors_data
[9.936s] -- Up-to-date: /home/rehmaan/sensor_fusion/install/sensors_data/share/ament_index/resource_index/parent_prefix_path/sensors_data
[9.936s] -- Up-to-date: /home/rehmaan/sensor_fusion/install/sensors_data/share/sensors_data/environment/ament_prefix_path.sh
[9.936s] -- Up-to-date: /home/rehmaan/sensor_fusion/install/sensors_data/share/sensors_data/environment/ament_prefix_path.dsv
[9.936s] -- Up-to-date: /home/rehmaan/sensor_fusion/install/sensors_data/share/sensors_data/environment/path.sh
[9.936s] -- Up-to-date: /home/rehmaan/sensor_fusion/install/sensors_data/share/sensors_data/environment/path.dsv
[9.937s] -- Up-to-date: /home/rehmaan/sensor_fusion/install/sensors_data/share/sensors_data/local_setup.bash
[9.937s] -- Up-to-date: /home/rehmaan/sensor_fusion/install/sensors_data/share/sensors_data/local_setup.sh
[9.937s] -- Up-to-date: /home/rehmaan/sensor_fusion/install/sensors_data/share/sensors_data/local_setup.zsh
[9.937s] -- Up-to-date: /home/rehmaan/sensor_fusion/install/sensors_data/share/sensors_data/local_setup.dsv
[9.937s] -- Installing: /home/rehmaan/sensor_fusion/install/sensors_data/share/sensors_data/package.dsv
[9.937s] -- Up-to-date: /home/rehmaan/sensor_fusion/install/sensors_data/share/ament_index/resource_index/packages/sensors_data
[9.937s] -- Up-to-date: /home/rehmaan/sensor_fusion/install/sensors_data/share/sensors_data/cmake/sensors_dataConfig.cmake
[9.937s] -- Up-to-date: /home/rehmaan/sensor_fusion/install/sensors_data/share/sensors_data/cmake/sensors_dataConfig-version.cmake
[9.937s] -- Up-to-date: /home/rehmaan/sensor_fusion/install/sensors_data/share/sensors_data/package.xml
[9.941s] Invoked command in '/home/rehmaan/sensor_fusion/build/sensors_data' returned '0': AMENT_PREFIX_PATH=/home/rehmaan/sensor_fusion/install/custom_interfaces:${AMENT_PREFIX_PATH} CMAKE_PREFIX_PATH=/home/rehmaan/sensor_fusion/install/custom_interfaces:/home/rehmaan/ros2-projects/install/my_robot_bringup:/home/rehmaan/ros2-projects/install/my_cpp_pkg:/home/rehmaan/ros2-projects/install/my_robot_interfaces:/home/rehmaan/ros2-projects/src/my_cpp_pkg/install/my_cpp_pkg:/home/rehmaan/ros2/install/launch_turtle_project:/home/rehmaan/ros2/install/cpp_pkg:/home/rehmaan/ros2/install/my_custom_interfaces:/opt/ros/jazzy/opt/gz_math_vendor:/opt/ros/jazzy/opt/gz_utils_vendor:/opt/ros/jazzy/opt/gz_cmake_vendor:/home/rehmaan/ros2-projects/install/turtlesim_project:/home/rehmaan/ros2-projects/install/my_py_pkg:/home/rehmaan/ros2/install/py_pkg:/opt/ros/jazzy LD_LIBRARY_PATH=/home/rehmaan/sensor_fusion/install/custom_interfaces/lib:${LD_LIBRARY_PATH} PYTHONPATH=/home/rehmaan/sensor_fusion/install/custom_interfaces/lib/python3.12/site-packages:${PYTHONPATH} /usr/bin/cmake --install /home/rehmaan/sensor_fusion/build/sensors_data
