[0.633s] Invoking command in '/home/rehmaan/sensor_fusion/build/sensors_data': AMENT_PREFIX_PATH=/home/rehmaan/sensor_fusion/install/custom_interfaces:${AMENT_PREFIX_PATH} CMAKE_PREFIX_PATH=/home/rehmaan/sensor_fusion/install/custom_interfaces:/home/rehmaan/sensor_fusion/install/sensor_fusion:/home/rehmaan/ros2-projects/install/my_robot_bringup:/home/rehmaan/ros2-projects/install/my_cpp_pkg:/home/rehmaan/ros2-projects/install/my_robot_interfaces:/home/rehmaan/ros2-projects/src/my_cpp_pkg/install/my_cpp_pkg:/home/rehmaan/ros2/install/launch_turtle_project:/home/rehmaan/ros2/install/cpp_pkg:/home/rehmaan/ros2/install/my_custom_interfaces:/opt/ros/jazzy/opt/gz_math_vendor:/opt/ros/jazzy/opt/gz_utils_vendor:/opt/ros/jazzy/opt/gz_cmake_vendor:/home/rehmaan/ros2-projects/install/turtlesim_project:/home/rehmaan/ros2-projects/install/my_py_pkg:/home/rehmaan/ros2/install/py_pkg:/opt/ros/jazzy LD_LIBRARY_PATH=/home/rehmaan/sensor_fusion/install/custom_interfaces/lib:${LD_LIBRARY_PATH} PYTHONPATH=/home/rehmaan/sensor_fusion/install/custom_interfaces/lib/python3.12/site-packages:${PYTHONPATH} /usr/bin/cmake /home/rehmaan/sensor_fusion/src/sensors_data -DCMAKE_INSTALL_PREFIX=/home/rehmaan/sensor_fusion/install/sensors_data
[0.654s] -- Found ament_cmake: 2.5.4 (/opt/ros/jazzy/share/ament_cmake/cmake)
[1.034s] -- Found rclcpp: 28.1.11 (/opt/ros/jazzy/share/rclcpp/cmake)
[1.627s] -- Found rosidl_generator_c: 4.6.6 (/opt/ros/jazzy/share/rosidl_generator_c/cmake)
[1.638s] -- Found rosidl_generator_cpp: 4.6.6 (/opt/ros/jazzy/share/rosidl_generator_cpp/cmake)
[1.653s] -- Using all available rosidl_typesupport_c: rosidl_typesupport_fastrtps_c;rosidl_typesupport_introspection_c
[1.670s] -- Using all available rosidl_typesupport_cpp: rosidl_typesupport_fastrtps_cpp;rosidl_typesupport_introspection_cpp
[1.767s] -- Found rmw_implementation_cmake: 7.3.2 (/opt/ros/jazzy/share/rmw_implementation_cmake/cmake)
[1.769s] -- Found rmw_fastrtps_cpp: 8.4.3 (/opt/ros/jazzy/share/rmw_fastrtps_cpp/cmake)
[2.579s] -- Using RMW implementation 'rmw_fastrtps_cpp' as default
[3.118s] -- Found custom_interfaces: 0.0.0 (/home/rehmaan/sensor_fusion/install/custom_interfaces/share/custom_interfaces/cmake)
[3.130s] -- Found ament_lint_auto: 0.17.3 (/opt/ros/jazzy/share/ament_lint_auto/cmake)
[3.273s] -- Added test 'cppcheck' to perform static code analysis on C / C++ code
[3.273s] -- Configured cppcheck include dirs: 
[3.273s] -- Configured cppcheck exclude dirs and/or files: 
[3.274s] -- Added test 'lint_cmake' to check CMake code style
[3.276s] -- Added test 'uncrustify' to check C / C++ code style
[3.276s] -- Configured uncrustify additional arguments: 
[3.277s] -- Added test 'xmllint' to check XML markup files
[3.280s] -- Configuring done (2.6s)
[3.287s] -- Generating done (0.0s)
[3.290s] -- Build files have been written to: /home/rehmaan/sensor_fusion/build/sensors_data
[3.302s] Invoked command in '/home/rehmaan/sensor_fusion/build/sensors_data' returned '0': AMENT_PREFIX_PATH=/home/rehmaan/sensor_fusion/install/custom_interfaces:${AMENT_PREFIX_PATH} CMAKE_PREFIX_PATH=/home/rehmaan/sensor_fusion/install/custom_interfaces:/home/rehmaan/sensor_fusion/install/sensor_fusion:/home/rehmaan/ros2-projects/install/my_robot_bringup:/home/rehmaan/ros2-projects/install/my_cpp_pkg:/home/rehmaan/ros2-projects/install/my_robot_interfaces:/home/rehmaan/ros2-projects/src/my_cpp_pkg/install/my_cpp_pkg:/home/rehmaan/ros2/install/launch_turtle_project:/home/rehmaan/ros2/install/cpp_pkg:/home/rehmaan/ros2/install/my_custom_interfaces:/opt/ros/jazzy/opt/gz_math_vendor:/opt/ros/jazzy/opt/gz_utils_vendor:/opt/ros/jazzy/opt/gz_cmake_vendor:/home/rehmaan/ros2-projects/install/turtlesim_project:/home/rehmaan/ros2-projects/install/my_py_pkg:/home/rehmaan/ros2/install/py_pkg:/opt/ros/jazzy LD_LIBRARY_PATH=/home/rehmaan/sensor_fusion/install/custom_interfaces/lib:${LD_LIBRARY_PATH} PYTHONPATH=/home/rehmaan/sensor_fusion/install/custom_interfaces/lib/python3.12/site-packages:${PYTHONPATH} /usr/bin/cmake /home/rehmaan/sensor_fusion/src/sensors_data -DCMAKE_INSTALL_PREFIX=/home/rehmaan/sensor_fusion/install/sensors_data
[3.304s] Invoking command in '/home/rehmaan/sensor_fusion/build/sensors_data': AMENT_PREFIX_PATH=/home/rehmaan/sensor_fusion/install/custom_interfaces:${AMENT_PREFIX_PATH} CMAKE_PREFIX_PATH=/home/rehmaan/sensor_fusion/install/custom_interfaces:/home/rehmaan/sensor_fusion/install/sensor_fusion:/home/rehmaan/ros2-projects/install/my_robot_bringup:/home/rehmaan/ros2-projects/install/my_cpp_pkg:/home/rehmaan/ros2-projects/install/my_robot_interfaces:/home/rehmaan/ros2-projects/src/my_cpp_pkg/install/my_cpp_pkg:/home/rehmaan/ros2/install/launch_turtle_project:/home/rehmaan/ros2/install/cpp_pkg:/home/rehmaan/ros2/install/my_custom_interfaces:/opt/ros/jazzy/opt/gz_math_vendor:/opt/ros/jazzy/opt/gz_utils_vendor:/opt/ros/jazzy/opt/gz_cmake_vendor:/home/rehmaan/ros2-projects/install/turtlesim_project:/home/rehmaan/ros2-projects/install/my_py_pkg:/home/rehmaan/ros2/install/py_pkg:/opt/ros/jazzy LD_LIBRARY_PATH=/home/rehmaan/sensor_fusion/install/custom_interfaces/lib:${LD_LIBRARY_PATH} PYTHONPATH=/home/rehmaan/sensor_fusion/install/custom_interfaces/lib/python3.12/site-packages:${PYTHONPATH} /usr/bin/cmake --build /home/rehmaan/sensor_fusion/build/sensors_data -- -j12 -l12
[3.343s] Invoked command in '/home/rehmaan/sensor_fusion/build/sensors_data' returned '0': AMENT_PREFIX_PATH=/home/rehmaan/sensor_fusion/install/custom_interfaces:${AMENT_PREFIX_PATH} CMAKE_PREFIX_PATH=/home/rehmaan/sensor_fusion/install/custom_interfaces:/home/rehmaan/sensor_fusion/install/sensor_fusion:/home/rehmaan/ros2-projects/install/my_robot_bringup:/home/rehmaan/ros2-projects/install/my_cpp_pkg:/home/rehmaan/ros2-projects/install/my_robot_interfaces:/home/rehmaan/ros2-projects/src/my_cpp_pkg/install/my_cpp_pkg:/home/rehmaan/ros2/install/launch_turtle_project:/home/rehmaan/ros2/install/cpp_pkg:/home/rehmaan/ros2/install/my_custom_interfaces:/opt/ros/jazzy/opt/gz_math_vendor:/opt/ros/jazzy/opt/gz_utils_vendor:/opt/ros/jazzy/opt/gz_cmake_vendor:/home/rehmaan/ros2-projects/install/turtlesim_project:/home/rehmaan/ros2-projects/install/my_py_pkg:/home/rehmaan/ros2/install/py_pkg:/opt/ros/jazzy LD_LIBRARY_PATH=/home/rehmaan/sensor_fusion/install/custom_interfaces/lib:${LD_LIBRARY_PATH} PYTHONPATH=/home/rehmaan/sensor_fusion/install/custom_interfaces/lib/python3.12/site-packages:${PYTHONPATH} /usr/bin/cmake --build /home/rehmaan/sensor_fusion/build/sensors_data -- -j12 -l12
[3.345s] Invoking command in '/home/rehmaan/sensor_fusion/build/sensors_data': AMENT_PREFIX_PATH=/home/rehmaan/sensor_fusion/install/custom_interfaces:${AMENT_PREFIX_PATH} CMAKE_PREFIX_PATH=/home/rehmaan/sensor_fusion/install/custom_interfaces:/home/rehmaan/sensor_fusion/install/sensor_fusion:/home/rehmaan/ros2-projects/install/my_robot_bringup:/home/rehmaan/ros2-projects/install/my_cpp_pkg:/home/rehmaan/ros2-projects/install/my_robot_interfaces:/home/rehmaan/ros2-projects/src/my_cpp_pkg/install/my_cpp_pkg:/home/rehmaan/ros2/install/launch_turtle_project:/home/rehmaan/ros2/install/cpp_pkg:/home/rehmaan/ros2/install/my_custom_interfaces:/opt/ros/jazzy/opt/gz_math_vendor:/opt/ros/jazzy/opt/gz_utils_vendor:/opt/ros/jazzy/opt/gz_cmake_vendor:/home/rehmaan/ros2-projects/install/turtlesim_project:/home/rehmaan/ros2-projects/install/my_py_pkg:/home/rehmaan/ros2/install/py_pkg:/opt/ros/jazzy LD_LIBRARY_PATH=/home/rehmaan/sensor_fusion/install/custom_interfaces/lib:${LD_LIBRARY_PATH} PYTHONPATH=/home/rehmaan/sensor_fusion/install/custom_interfaces/lib/python3.12/site-packages:${PYTHONPATH} /usr/bin/cmake --install /home/rehmaan/sensor_fusion/build/sensors_data
[3.354s] -- Install configuration: ""
[3.354s] -- Installing: /home/rehmaan/sensor_fusion/install/sensors_data/share/ament_index/resource_index/package_run_dependencies/sensors_data
[3.355s] -- Installing: /home/rehmaan/sensor_fusion/install/sensors_data/share/ament_index/resource_index/parent_prefix_path/sensors_data
[3.355s] -- Installing: /home/rehmaan/sensor_fusion/install/sensors_data/share/sensors_data/environment/ament_prefix_path.sh
[3.356s] -- Installing: /home/rehmaan/sensor_fusion/install/sensors_data/share/sensors_data/environment/ament_prefix_path.dsv
[3.357s] -- Installing: /home/rehmaan/sensor_fusion/install/sensors_data/share/sensors_data/environment/path.sh
[3.357s] -- Installing: /home/rehmaan/sensor_fusion/install/sensors_data/share/sensors_data/environment/path.dsv
[3.357s] -- Installing: /home/rehmaan/sensor_fusion/install/sensors_data/share/sensors_data/local_setup.bash
[3.357s] -- Installing: /home/rehmaan/sensor_fusion/install/sensors_data/share/sensors_data/local_setup.sh
[3.357s] -- Installing: /home/rehmaan/sensor_fusion/install/sensors_data/share/sensors_data/local_setup.zsh
[3.357s] -- Installing: /home/rehmaan/sensor_fusion/install/sensors_data/share/sensors_data/local_setup.dsv
[3.357s] -- Installing: /home/rehmaan/sensor_fusion/install/sensors_data/share/sensors_data/package.dsv
[3.358s] -- Installing: /home/rehmaan/sensor_fusion/install/sensors_data/share/ament_index/resource_index/packages/sensors_data
[3.358s] -- Installing: /home/rehmaan/sensor_fusion/install/sensors_data/share/sensors_data/cmake/sensors_dataConfig.cmake
[3.359s] -- Installing: /home/rehmaan/sensor_fusion/install/sensors_data/share/sensors_data/cmake/sensors_dataConfig-version.cmake
[3.359s] -- Installing: /home/rehmaan/sensor_fusion/install/sensors_data/share/sensors_data/package.xml
[3.362s] Invoked command in '/home/rehmaan/sensor_fusion/build/sensors_data' returned '0': AMENT_PREFIX_PATH=/home/rehmaan/sensor_fusion/install/custom_interfaces:${AMENT_PREFIX_PATH} CMAKE_PREFIX_PATH=/home/rehmaan/sensor_fusion/install/custom_interfaces:/home/rehmaan/sensor_fusion/install/sensor_fusion:/home/rehmaan/ros2-projects/install/my_robot_bringup:/home/rehmaan/ros2-projects/install/my_cpp_pkg:/home/rehmaan/ros2-projects/install/my_robot_interfaces:/home/rehmaan/ros2-projects/src/my_cpp_pkg/install/my_cpp_pkg:/home/rehmaan/ros2/install/launch_turtle_project:/home/rehmaan/ros2/install/cpp_pkg:/home/rehmaan/ros2/install/my_custom_interfaces:/opt/ros/jazzy/opt/gz_math_vendor:/opt/ros/jazzy/opt/gz_utils_vendor:/opt/ros/jazzy/opt/gz_cmake_vendor:/home/rehmaan/ros2-projects/install/turtlesim_project:/home/rehmaan/ros2-projects/install/my_py_pkg:/home/rehmaan/ros2/install/py_pkg:/opt/ros/jazzy LD_LIBRARY_PATH=/home/rehmaan/sensor_fusion/install/custom_interfaces/lib:${LD_LIBRARY_PATH} PYTHONPATH=/home/rehmaan/sensor_fusion/install/custom_interfaces/lib/python3.12/site-packages:${PYTHONPATH} /usr/bin/cmake --install /home/rehmaan/sensor_fusion/build/sensors_data
