[0.323s] DEBUG:colcon:Command line arguments: ['/usr/bin/colcon', 'build']
[0.324s] DEBUG:colcon:Parsed command line arguments: Namespace(log_base=None, log_level=None, verb_name='build', build_base='build', install_base='install', merge_install=False, symlink_install=False, test_result_base=None, continue_on_error=False, executor='parallel', parallel_workers=12, event_handlers=None, ignore_user_meta=False, metas=['./colcon.meta'], base_paths=['.'], packages_ignore=None, packages_ignore_regex=None, paths=None, packages_up_to=None, packages_up_to_regex=None, packages_above=None, packages_above_and_dependencies=None, packages_above_depth=None, packages_select_by_dep=None, packages_skip_by_dep=None, packages_skip_up_to=None, packages_select_build_failed=False, packages_skip_build_finished=False, packages_select_test_failures=False, packages_skip_test_passed=False, packages_select=None, packages_skip=None, packages_select_regex=None, packages_skip_regex=None, packages_start=None, packages_end=None, allow_overriding=[], cmake_args=None, cmake_target=None, cmake_target_skip_unavailable=False, cmake_clean_cache=False, cmake_clean_first=False, cmake_force_configure=False, ament_cmake_args=None, catkin_cmake_args=None, catkin_skip_building_tests=False, mixin_files=None, mixin=None, verb_parser=<colcon_mixin.mixin.mixin_argument.MixinArgumentDecorator object at 0x7f53603fb7a0>, verb_extension=<colcon_core.verb.build.BuildVerb object at 0x7f53603fb4d0>, main=<bound method BuildVerb.main of <colcon_core.verb.build.BuildVerb object at 0x7f53603fb4d0>>, mixin_verb=('build',))
[0.378s] Level 1:colcon.colcon_core.package_discovery:discover_packages(colcon_meta) check parameters
[0.378s] Level 1:colcon.colcon_core.package_discovery:discover_packages(recursive) check parameters
[0.378s] Level 1:colcon.colcon_core.package_discovery:discover_packages(ignore) check parameters
[0.378s] Level 1:colcon.colcon_core.package_discovery:discover_packages(path) check parameters
[0.378s] Level 1:colcon.colcon_core.package_discovery:discover_packages(colcon_meta) discover
[0.378s] Level 1:colcon.colcon_core.package_discovery:discover_packages(recursive) discover
[0.378s] INFO:colcon.colcon_core.package_discovery:Crawling recursively for packages in '/home/rehmaan/sensor_fusion'
[0.379s] Level 1:colcon.colcon_core.package_identification:_identify(.) by extensions ['ignore', 'ignore_ament_install']
[0.379s] Level 1:colcon.colcon_core.package_identification:_identify(.) by extension 'ignore'
[0.379s] Level 1:colcon.colcon_core.package_identification:_identify(.) by extension 'ignore_ament_install'
[0.379s] Level 1:colcon.colcon_core.package_identification:_identify(.) by extensions ['colcon_pkg']
[0.379s] Level 1:colcon.colcon_core.package_identification:_identify(.) by extension 'colcon_pkg'
[0.379s] Level 1:colcon.colcon_core.package_identification:_identify(.) by extensions ['colcon_meta']
[0.379s] Level 1:colcon.colcon_core.package_identification:_identify(.) by extension 'colcon_meta'
[0.379s] Level 1:colcon.colcon_core.package_identification:_identify(.) by extensions ['ros']
[0.379s] Level 1:colcon.colcon_core.package_identification:_identify(.) by extension 'ros'
[0.418s] Level 1:colcon.colcon_core.package_identification:_identify(.) by extensions ['cmake', 'python']
[0.418s] Level 1:colcon.colcon_core.package_identification:_identify(.) by extension 'cmake'
[0.418s] Level 1:colcon.colcon_core.package_identification:_identify(.) by extension 'python'
[0.418s] Level 1:colcon.colcon_core.package_identification:_identify(.) by extensions ['python_setup_py']
[0.418s] Level 1:colcon.colcon_core.package_identification:_identify(.) by extension 'python_setup_py'
[0.418s] Level 1:colcon.colcon_core.package_identification:_identify(build) by extensions ['ignore', 'ignore_ament_install']
[0.419s] Level 1:colcon.colcon_core.package_identification:_identify(build) by extension 'ignore'
[0.419s] Level 1:colcon.colcon_core.package_identification:_identify(build) ignored
[0.419s] Level 1:colcon.colcon_core.package_identification:_identify(include) by extensions ['ignore', 'ignore_ament_install']
[0.419s] Level 1:colcon.colcon_core.package_identification:_identify(include) by extension 'ignore'
[0.419s] Level 1:colcon.colcon_core.package_identification:_identify(include) by extension 'ignore_ament_install'
[0.419s] Level 1:colcon.colcon_core.package_identification:_identify(include) by extensions ['colcon_pkg']
[0.419s] Level 1:colcon.colcon_core.package_identification:_identify(include) by extension 'colcon_pkg'
[0.419s] Level 1:colcon.colcon_core.package_identification:_identify(include) by extensions ['colcon_meta']
[0.419s] Level 1:colcon.colcon_core.package_identification:_identify(include) by extension 'colcon_meta'
[0.420s] Level 1:colcon.colcon_core.package_identification:_identify(include) by extensions ['ros']
[0.420s] Level 1:colcon.colcon_core.package_identification:_identify(include) by extension 'ros'
[0.420s] Level 1:colcon.colcon_core.package_identification:_identify(include) by extensions ['cmake', 'python']
[0.420s] Level 1:colcon.colcon_core.package_identification:_identify(include) by extension 'cmake'
[0.420s] Level 1:colcon.colcon_core.package_identification:_identify(include) by extension 'python'
[0.420s] Level 1:colcon.colcon_core.package_identification:_identify(include) by extensions ['python_setup_py']
[0.420s] Level 1:colcon.colcon_core.package_identification:_identify(include) by extension 'python_setup_py'
[0.421s] Level 1:colcon.colcon_core.package_identification:_identify(include/sensor_fusion) by extensions ['ignore', 'ignore_ament_install']
[0.421s] Level 1:colcon.colcon_core.package_identification:_identify(include/sensor_fusion) by extension 'ignore'
[0.422s] Level 1:colcon.colcon_core.package_identification:_identify(include/sensor_fusion) by extension 'ignore_ament_install'
[0.422s] Level 1:colcon.colcon_core.package_identification:_identify(include/sensor_fusion) by extensions ['colcon_pkg']
[0.422s] Level 1:colcon.colcon_core.package_identification:_identify(include/sensor_fusion) by extension 'colcon_pkg'
[0.422s] Level 1:colcon.colcon_core.package_identification:_identify(include/sensor_fusion) by extensions ['colcon_meta']
[0.422s] Level 1:colcon.colcon_core.package_identification:_identify(include/sensor_fusion) by extension 'colcon_meta'
[0.422s] Level 1:colcon.colcon_core.package_identification:_identify(include/sensor_fusion) by extensions ['ros']
[0.422s] Level 1:colcon.colcon_core.package_identification:_identify(include/sensor_fusion) by extension 'ros'
[0.423s] Level 1:colcon.colcon_core.package_identification:_identify(include/sensor_fusion) by extensions ['cmake', 'python']
[0.423s] Level 1:colcon.colcon_core.package_identification:_identify(include/sensor_fusion) by extension 'cmake'
[0.423s] Level 1:colcon.colcon_core.package_identification:_identify(include/sensor_fusion) by extension 'python'
[0.423s] Level 1:colcon.colcon_core.package_identification:_identify(include/sensor_fusion) by extensions ['python_setup_py']
[0.423s] Level 1:colcon.colcon_core.package_identification:_identify(include/sensor_fusion) by extension 'python_setup_py'
[0.424s] Level 1:colcon.colcon_core.package_identification:_identify(install) by extensions ['ignore', 'ignore_ament_install']
[0.425s] Level 1:colcon.colcon_core.package_identification:_identify(install) by extension 'ignore'
[0.425s] Level 1:colcon.colcon_core.package_identification:_identify(install) ignored
[0.425s] Level 1:colcon.colcon_core.package_identification:_identify(log) by extensions ['ignore', 'ignore_ament_install']
[0.425s] Level 1:colcon.colcon_core.package_identification:_identify(log) by extension 'ignore'
[0.425s] Level 1:colcon.colcon_core.package_identification:_identify(log) ignored
[0.426s] Level 1:colcon.colcon_core.package_identification:_identify(src) by extensions ['ignore', 'ignore_ament_install']
[0.426s] Level 1:colcon.colcon_core.package_identification:_identify(src) by extension 'ignore'
[0.426s] Level 1:colcon.colcon_core.package_identification:_identify(src) by extension 'ignore_ament_install'
[0.426s] Level 1:colcon.colcon_core.package_identification:_identify(src) by extensions ['colcon_pkg']
[0.426s] Level 1:colcon.colcon_core.package_identification:_identify(src) by extension 'colcon_pkg'
[0.426s] Level 1:colcon.colcon_core.package_identification:_identify(src) by extensions ['colcon_meta']
[0.426s] Level 1:colcon.colcon_core.package_identification:_identify(src) by extension 'colcon_meta'
[0.426s] Level 1:colcon.colcon_core.package_identification:_identify(src) by extensions ['ros']
[0.426s] Level 1:colcon.colcon_core.package_identification:_identify(src) by extension 'ros'
[0.426s] Level 1:colcon.colcon_core.package_identification:_identify(src) by extensions ['cmake', 'python']
[0.426s] Level 1:colcon.colcon_core.package_identification:_identify(src) by extension 'cmake'
[0.426s] Level 1:colcon.colcon_core.package_identification:_identify(src) by extension 'python'
[0.427s] Level 1:colcon.colcon_core.package_identification:_identify(src) by extensions ['python_setup_py']
[0.427s] Level 1:colcon.colcon_core.package_identification:_identify(src) by extension 'python_setup_py'
[0.427s] Level 1:colcon.colcon_core.package_identification:_identify(src/custom_interfaces) by extensions ['ignore', 'ignore_ament_install']
[0.427s] Level 1:colcon.colcon_core.package_identification:_identify(src/custom_interfaces) by extension 'ignore'
[0.427s] Level 1:colcon.colcon_core.package_identification:_identify(src/custom_interfaces) by extension 'ignore_ament_install'
[0.427s] Level 1:colcon.colcon_core.package_identification:_identify(src/custom_interfaces) by extensions ['colcon_pkg']
[0.427s] Level 1:colcon.colcon_core.package_identification:_identify(src/custom_interfaces) by extension 'colcon_pkg'
[0.427s] Level 1:colcon.colcon_core.package_identification:_identify(src/custom_interfaces) by extensions ['colcon_meta']
[0.427s] Level 1:colcon.colcon_core.package_identification:_identify(src/custom_interfaces) by extension 'colcon_meta'
[0.427s] Level 1:colcon.colcon_core.package_identification:_identify(src/custom_interfaces) by extensions ['ros']
[0.427s] Level 1:colcon.colcon_core.package_identification:_identify(src/custom_interfaces) by extension 'ros'
[0.430s] DEBUG:colcon.colcon_core.package_identification:Package 'src/custom_interfaces' with type 'ros.ament_cmake' and name 'custom_interfaces'
[0.430s] Level 1:colcon.colcon_core.package_identification:_identify(src/sensors_data) by extensions ['ignore', 'ignore_ament_install']
[0.431s] Level 1:colcon.colcon_core.package_identification:_identify(src/sensors_data) by extension 'ignore'
[0.431s] Level 1:colcon.colcon_core.package_identification:_identify(src/sensors_data) by extension 'ignore_ament_install'
[0.431s] Level 1:colcon.colcon_core.package_identification:_identify(src/sensors_data) by extensions ['colcon_pkg']
[0.431s] Level 1:colcon.colcon_core.package_identification:_identify(src/sensors_data) by extension 'colcon_pkg'
[0.431s] Level 1:colcon.colcon_core.package_identification:_identify(src/sensors_data) by extensions ['colcon_meta']
[0.431s] Level 1:colcon.colcon_core.package_identification:_identify(src/sensors_data) by extension 'colcon_meta'
[0.431s] Level 1:colcon.colcon_core.package_identification:_identify(src/sensors_data) by extensions ['ros']
[0.431s] Level 1:colcon.colcon_core.package_identification:_identify(src/sensors_data) by extension 'ros'
[0.432s] DEBUG:colcon.colcon_core.package_identification:Package 'src/sensors_data' with type 'ros.ament_cmake' and name 'sensors_data'
[0.432s] Level 1:colcon.colcon_core.package_discovery:discover_packages(recursive) using defaults
[0.432s] Level 1:colcon.colcon_core.package_discovery:discover_packages(ignore) discover
[0.432s] Level 1:colcon.colcon_core.package_discovery:discover_packages(ignore) using defaults
[0.432s] Level 1:colcon.colcon_core.package_discovery:discover_packages(path) discover
[0.432s] Level 1:colcon.colcon_core.package_discovery:discover_packages(path) using defaults
[0.460s] Level 1:colcon.colcon_core.package_discovery:discover_packages(prefix_path) check parameters
[0.460s] Level 1:colcon.colcon_core.package_discovery:discover_packages(prefix_path) discover
[0.463s] DEBUG:colcon.colcon_installed_package_information.package_discovery:Found 2 installed packages in /home/rehmaan/sensor_fusion/install
[0.463s] DEBUG:colcon.colcon_installed_package_information.package_discovery:Found 5 installed packages in /home/rehmaan/ros2-projects/install
[0.463s] DEBUG:colcon.colcon_installed_package_information.package_discovery:Found 1 installed packages in /home/rehmaan/ros2-projects/src/my_cpp_pkg/install
[0.464s] DEBUG:colcon.colcon_installed_package_information.package_discovery:Found 4 installed packages in /home/rehmaan/ros2/install
[0.465s] DEBUG:colcon.colcon_installed_package_information.package_discovery:Found 291 installed packages in /opt/ros/jazzy
[0.467s] Level 1:colcon.colcon_core.package_discovery:discover_packages(prefix_path) using defaults
[0.517s] Level 5:colcon.colcon_core.verb:set package 'custom_interfaces' build argument 'cmake_args' from command line to 'None'
[0.517s] Level 5:colcon.colcon_core.verb:set package 'custom_interfaces' build argument 'cmake_target' from command line to 'None'
[0.517s] Level 5:colcon.colcon_core.verb:set package 'custom_interfaces' build argument 'cmake_target_skip_unavailable' from command line to 'False'
[0.517s] Level 5:colcon.colcon_core.verb:set package 'custom_interfaces' build argument 'cmake_clean_cache' from command line to 'False'
[0.518s] Level 5:colcon.colcon_core.verb:set package 'custom_interfaces' build argument 'cmake_clean_first' from command line to 'False'
[0.518s] Level 5:colcon.colcon_core.verb:set package 'custom_interfaces' build argument 'cmake_force_configure' from command line to 'False'
[0.518s] Level 5:colcon.colcon_core.verb:set package 'custom_interfaces' build argument 'ament_cmake_args' from command line to 'None'
[0.518s] Level 5:colcon.colcon_core.verb:set package 'custom_interfaces' build argument 'catkin_cmake_args' from command line to 'None'
[0.518s] Level 5:colcon.colcon_core.verb:set package 'custom_interfaces' build argument 'catkin_skip_building_tests' from command line to 'False'
[0.518s] DEBUG:colcon.colcon_core.verb:Building package 'custom_interfaces' with the following arguments: {'ament_cmake_args': None, 'build_base': '/home/rehmaan/sensor_fusion/build/custom_interfaces', 'catkin_cmake_args': None, 'catkin_skip_building_tests': False, 'cmake_args': None, 'cmake_clean_cache': False, 'cmake_clean_first': False, 'cmake_force_configure': False, 'cmake_target': None, 'cmake_target_skip_unavailable': False, 'install_base': '/home/rehmaan/sensor_fusion/install/custom_interfaces', 'merge_install': False, 'path': '/home/rehmaan/sensor_fusion/src/custom_interfaces', 'symlink_install': False, 'test_result_base': None}
[0.518s] Level 5:colcon.colcon_core.verb:set package 'sensors_data' build argument 'cmake_args' from command line to 'None'
[0.518s] Level 5:colcon.colcon_core.verb:set package 'sensors_data' build argument 'cmake_target' from command line to 'None'
[0.518s] Level 5:colcon.colcon_core.verb:set package 'sensors_data' build argument 'cmake_target_skip_unavailable' from command line to 'False'
[0.518s] Level 5:colcon.colcon_core.verb:set package 'sensors_data' build argument 'cmake_clean_cache' from command line to 'False'
[0.518s] Level 5:colcon.colcon_core.verb:set package 'sensors_data' build argument 'cmake_clean_first' from command line to 'False'
[0.518s] Level 5:colcon.colcon_core.verb:set package 'sensors_data' build argument 'cmake_force_configure' from command line to 'False'
[0.518s] Level 5:colcon.colcon_core.verb:set package 'sensors_data' build argument 'ament_cmake_args' from command line to 'None'
[0.518s] Level 5:colcon.colcon_core.verb:set package 'sensors_data' build argument 'catkin_cmake_args' from command line to 'None'
[0.518s] Level 5:colcon.colcon_core.verb:set package 'sensors_data' build argument 'catkin_skip_building_tests' from command line to 'False'
[0.518s] DEBUG:colcon.colcon_core.verb:Building package 'sensors_data' with the following arguments: {'ament_cmake_args': None, 'build_base': '/home/rehmaan/sensor_fusion/build/sensors_data', 'catkin_cmake_args': None, 'catkin_skip_building_tests': False, 'cmake_args': None, 'cmake_clean_cache': False, 'cmake_clean_first': False, 'cmake_force_configure': False, 'cmake_target': None, 'cmake_target_skip_unavailable': False, 'install_base': '/home/rehmaan/sensor_fusion/install/sensors_data', 'merge_install': False, 'path': '/home/rehmaan/sensor_fusion/src/sensors_data', 'symlink_install': False, 'test_result_base': None}
[0.518s] INFO:colcon.colcon_core.executor:Executing jobs using 'parallel' executor
[0.519s] DEBUG:colcon.colcon_parallel_executor.executor.parallel:run_until_complete
[0.520s] INFO:colcon.colcon_ros.task.ament_cmake.build:Building ROS package in '/home/rehmaan/sensor_fusion/src/custom_interfaces' with build type 'ament_cmake'
[0.520s] INFO:colcon.colcon_cmake.task.cmake.build:Building CMake package in '/home/rehmaan/sensor_fusion/src/custom_interfaces'
[0.526s] INFO:colcon.colcon_core.plugin_system:Skipping extension 'colcon_core.shell.bat': Not used on non-Windows systems
[0.526s] INFO:colcon.colcon_core.shell:Skip shell extension 'powershell' for command environment: Not usable outside of PowerShell
[0.526s] DEBUG:colcon.colcon_core.shell:Skip shell extension 'dsv' for command environment
[0.539s] DEBUG:colcon.colcon_core.event_handler.log_command:Invoking command in '/home/rehmaan/sensor_fusion/build/custom_interfaces': CMAKE_PREFIX_PATH=${CMAKE_PREFIX_PATH}:/home/rehmaan/ros2-projects/install/turtlesim_project:/home/rehmaan/ros2-projects/install/my_py_pkg:/home/rehmaan/ros2/install/py_pkg:/opt/ros/jazzy /usr/bin/cmake --build /home/rehmaan/sensor_fusion/build/custom_interfaces -- -j12 -l12
[1.288s] DEBUG:colcon.colcon_core.event_handler.log_command:Invoked command in '/home/rehmaan/sensor_fusion/build/custom_interfaces' returned '0': CMAKE_PREFIX_PATH=${CMAKE_PREFIX_PATH}:/home/rehmaan/ros2-projects/install/turtlesim_project:/home/rehmaan/ros2-projects/install/my_py_pkg:/home/rehmaan/ros2/install/py_pkg:/opt/ros/jazzy /usr/bin/cmake --build /home/rehmaan/sensor_fusion/build/custom_interfaces -- -j12 -l12
[1.304s] DEBUG:colcon.colcon_core.event_handler.log_command:Invoking command in '/home/rehmaan/sensor_fusion/build/custom_interfaces': CMAKE_PREFIX_PATH=${CMAKE_PREFIX_PATH}:/home/rehmaan/ros2-projects/install/turtlesim_project:/home/rehmaan/ros2-projects/install/my_py_pkg:/home/rehmaan/ros2/install/py_pkg:/opt/ros/jazzy /usr/bin/cmake --install /home/rehmaan/sensor_fusion/build/custom_interfaces
[1.440s] Level 1:colcon.colcon_core.environment:create_environment_scripts_only(custom_interfaces)
[1.447s] DEBUG:colcon.colcon_core.event_handler.log_command:Invoked command in '/home/rehmaan/sensor_fusion/build/custom_interfaces' returned '0': CMAKE_PREFIX_PATH=${CMAKE_PREFIX_PATH}:/home/rehmaan/ros2-projects/install/turtlesim_project:/home/rehmaan/ros2-projects/install/my_py_pkg:/home/rehmaan/ros2/install/py_pkg:/opt/ros/jazzy /usr/bin/cmake --install /home/rehmaan/sensor_fusion/build/custom_interfaces
[1.453s] Level 1:colcon.colcon_core.environment:checking '/home/rehmaan/sensor_fusion/install/custom_interfaces' for CMake module files
[1.454s] Level 1:colcon.colcon_core.environment:checking '/home/rehmaan/sensor_fusion/install/custom_interfaces' for CMake config files
[1.456s] Level 1:colcon.colcon_core.shell:create_environment_hook('custom_interfaces', 'cmake_prefix_path')
[1.456s] INFO:colcon.colcon_core.shell:Creating environment hook '/home/rehmaan/sensor_fusion/install/custom_interfaces/share/custom_interfaces/hook/cmake_prefix_path.ps1'
[1.458s] INFO:colcon.colcon_core.shell:Creating environment descriptor '/home/rehmaan/sensor_fusion/install/custom_interfaces/share/custom_interfaces/hook/cmake_prefix_path.dsv'
[1.460s] INFO:colcon.colcon_core.shell:Creating environment hook '/home/rehmaan/sensor_fusion/install/custom_interfaces/share/custom_interfaces/hook/cmake_prefix_path.sh'
[1.461s] Level 1:colcon.colcon_core.environment:checking '/home/rehmaan/sensor_fusion/install/custom_interfaces/lib'
[1.461s] Level 1:colcon.colcon_core.shell:create_environment_hook('custom_interfaces', 'ld_library_path_lib')
[1.463s] INFO:colcon.colcon_core.shell:Creating environment hook '/home/rehmaan/sensor_fusion/install/custom_interfaces/share/custom_interfaces/hook/ld_library_path_lib.ps1'
[1.465s] INFO:colcon.colcon_core.shell:Creating environment descriptor '/home/rehmaan/sensor_fusion/install/custom_interfaces/share/custom_interfaces/hook/ld_library_path_lib.dsv'
[1.465s] INFO:colcon.colcon_core.shell:Creating environment hook '/home/rehmaan/sensor_fusion/install/custom_interfaces/share/custom_interfaces/hook/ld_library_path_lib.sh'
[1.467s] Level 1:colcon.colcon_core.environment:checking '/home/rehmaan/sensor_fusion/install/custom_interfaces/bin'
[1.467s] Level 1:colcon.colcon_core.environment:checking '/home/rehmaan/sensor_fusion/install/custom_interfaces/lib/pkgconfig/custom_interfaces.pc'
[1.468s] Level 1:colcon.colcon_core.environment:checking '/home/rehmaan/sensor_fusion/install/custom_interfaces/lib/python3.12/site-packages'
[1.469s] Level 1:colcon.colcon_core.shell:create_environment_hook('custom_interfaces', 'pythonpath')
[1.470s] INFO:colcon.colcon_core.shell:Creating environment hook '/home/rehmaan/sensor_fusion/install/custom_interfaces/share/custom_interfaces/hook/pythonpath.ps1'
[1.471s] INFO:colcon.colcon_core.shell:Creating environment descriptor '/home/rehmaan/sensor_fusion/install/custom_interfaces/share/custom_interfaces/hook/pythonpath.dsv'
[1.473s] INFO:colcon.colcon_core.shell:Creating environment hook '/home/rehmaan/sensor_fusion/install/custom_interfaces/share/custom_interfaces/hook/pythonpath.sh'
[1.474s] Level 1:colcon.colcon_core.environment:checking '/home/rehmaan/sensor_fusion/install/custom_interfaces/bin'
[1.474s] INFO:colcon.colcon_core.shell:Creating package script '/home/rehmaan/sensor_fusion/install/custom_interfaces/share/custom_interfaces/package.ps1'
[1.475s] INFO:colcon.colcon_core.shell:Creating package descriptor '/home/rehmaan/sensor_fusion/install/custom_interfaces/share/custom_interfaces/package.dsv'
[1.477s] INFO:colcon.colcon_core.shell:Creating package script '/home/rehmaan/sensor_fusion/install/custom_interfaces/share/custom_interfaces/package.sh'
[1.478s] INFO:colcon.colcon_core.shell:Creating package script '/home/rehmaan/sensor_fusion/install/custom_interfaces/share/custom_interfaces/package.bash'
[1.480s] INFO:colcon.colcon_core.shell:Creating package script '/home/rehmaan/sensor_fusion/install/custom_interfaces/share/custom_interfaces/package.zsh'
[1.481s] Level 1:colcon.colcon_core.environment:create_file_with_runtime_dependencies(/home/rehmaan/sensor_fusion/install/custom_interfaces/share/colcon-core/packages/custom_interfaces)
[1.481s] Level 1:colcon.colcon_core.environment:create_environment_scripts_only(custom_interfaces)
[1.482s] Level 1:colcon.colcon_core.environment:checking '/home/rehmaan/sensor_fusion/install/custom_interfaces' for CMake module files
[1.483s] Level 1:colcon.colcon_core.environment:checking '/home/rehmaan/sensor_fusion/install/custom_interfaces' for CMake config files
[1.484s] Level 1:colcon.colcon_core.shell:create_environment_hook('custom_interfaces', 'cmake_prefix_path')
[1.484s] INFO:colcon.colcon_core.shell:Creating environment hook '/home/rehmaan/sensor_fusion/install/custom_interfaces/share/custom_interfaces/hook/cmake_prefix_path.ps1'
[1.485s] INFO:colcon.colcon_core.shell:Creating environment descriptor '/home/rehmaan/sensor_fusion/install/custom_interfaces/share/custom_interfaces/hook/cmake_prefix_path.dsv'
[1.486s] INFO:colcon.colcon_core.shell:Creating environment hook '/home/rehmaan/sensor_fusion/install/custom_interfaces/share/custom_interfaces/hook/cmake_prefix_path.sh'
[1.487s] Level 1:colcon.colcon_core.environment:checking '/home/rehmaan/sensor_fusion/install/custom_interfaces/lib'
[1.488s] Level 1:colcon.colcon_core.shell:create_environment_hook('custom_interfaces', 'ld_library_path_lib')
[1.489s] INFO:colcon.colcon_core.shell:Creating environment hook '/home/rehmaan/sensor_fusion/install/custom_interfaces/share/custom_interfaces/hook/ld_library_path_lib.ps1'
[1.490s] INFO:colcon.colcon_core.shell:Creating environment descriptor '/home/rehmaan/sensor_fusion/install/custom_interfaces/share/custom_interfaces/hook/ld_library_path_lib.dsv'
[1.491s] INFO:colcon.colcon_core.shell:Creating environment hook '/home/rehmaan/sensor_fusion/install/custom_interfaces/share/custom_interfaces/hook/ld_library_path_lib.sh'
[1.491s] Level 1:colcon.colcon_core.environment:checking '/home/rehmaan/sensor_fusion/install/custom_interfaces/bin'
[1.492s] Level 1:colcon.colcon_core.environment:checking '/home/rehmaan/sensor_fusion/install/custom_interfaces/lib/pkgconfig/custom_interfaces.pc'
[1.492s] Level 1:colcon.colcon_core.environment:checking '/home/rehmaan/sensor_fusion/install/custom_interfaces/lib/python3.12/site-packages'
[1.492s] Level 1:colcon.colcon_core.shell:create_environment_hook('custom_interfaces', 'pythonpath')
[1.492s] INFO:colcon.colcon_core.shell:Creating environment hook '/home/rehmaan/sensor_fusion/install/custom_interfaces/share/custom_interfaces/hook/pythonpath.ps1'
[1.493s] INFO:colcon.colcon_core.shell:Creating environment descriptor '/home/rehmaan/sensor_fusion/install/custom_interfaces/share/custom_interfaces/hook/pythonpath.dsv'
[1.494s] INFO:colcon.colcon_core.shell:Creating environment hook '/home/rehmaan/sensor_fusion/install/custom_interfaces/share/custom_interfaces/hook/pythonpath.sh'
[1.495s] Level 1:colcon.colcon_core.environment:checking '/home/rehmaan/sensor_fusion/install/custom_interfaces/bin'
[1.495s] INFO:colcon.colcon_core.shell:Creating package script '/home/rehmaan/sensor_fusion/install/custom_interfaces/share/custom_interfaces/package.ps1'
[1.496s] INFO:colcon.colcon_core.shell:Creating package descriptor '/home/rehmaan/sensor_fusion/install/custom_interfaces/share/custom_interfaces/package.dsv'
[1.497s] INFO:colcon.colcon_core.shell:Creating package script '/home/rehmaan/sensor_fusion/install/custom_interfaces/share/custom_interfaces/package.sh'
[1.497s] INFO:colcon.colcon_core.shell:Creating package script '/home/rehmaan/sensor_fusion/install/custom_interfaces/share/custom_interfaces/package.bash'
[1.498s] INFO:colcon.colcon_core.shell:Creating package script '/home/rehmaan/sensor_fusion/install/custom_interfaces/share/custom_interfaces/package.zsh'
[1.498s] Level 1:colcon.colcon_core.environment:create_file_with_runtime_dependencies(/home/rehmaan/sensor_fusion/install/custom_interfaces/share/colcon-core/packages/custom_interfaces)
[1.499s] INFO:colcon.colcon_ros.task.ament_cmake.build:Building ROS package in '/home/rehmaan/sensor_fusion/src/sensors_data' with build type 'ament_cmake'
[1.499s] INFO:colcon.colcon_cmake.task.cmake.build:Building CMake package in '/home/rehmaan/sensor_fusion/src/sensors_data'
[1.499s] INFO:colcon.colcon_core.shell:Skip shell extension 'powershell' for command environment: Not usable outside of PowerShell
[1.499s] DEBUG:colcon.colcon_core.shell:Skip shell extension 'dsv' for command environment
[2.042s] DEBUG:colcon.colcon_core.event_handler.log_command:Invoking command in '/home/rehmaan/sensor_fusion/build/sensors_data': CMAKE_PREFIX_PATH=/home/rehmaan/sensor_fusion/install/custom_interfaces:/home/rehmaan/sensor_fusion/install/sensors_data:/home/rehmaan/ros2-projects/install/my_robot_bringup:/home/rehmaan/ros2-projects/install/my_cpp_pkg:/home/rehmaan/ros2-projects/install/my_robot_interfaces:/home/rehmaan/ros2-projects/src/my_cpp_pkg/install/my_cpp_pkg:/home/rehmaan/ros2/install/launch_turtle_project:/home/rehmaan/ros2/install/cpp_pkg:/home/rehmaan/ros2/install/my_custom_interfaces:/opt/ros/jazzy/opt/gz_math_vendor:/opt/ros/jazzy/opt/gz_utils_vendor:/opt/ros/jazzy/opt/gz_cmake_vendor:/home/rehmaan/ros2-projects/install/turtlesim_project:/home/rehmaan/ros2-projects/install/my_py_pkg:/home/rehmaan/ros2/install/py_pkg:/opt/ros/jazzy /usr/bin/cmake --build /home/rehmaan/sensor_fusion/build/sensors_data -- -j12 -l12
[9.951s] DEBUG:colcon.colcon_core.event_handler.log_command:Invoked command in '/home/rehmaan/sensor_fusion/build/sensors_data' returned '0': CMAKE_PREFIX_PATH=/home/rehmaan/sensor_fusion/install/custom_interfaces:/home/rehmaan/sensor_fusion/install/sensors_data:/home/rehmaan/ros2-projects/install/my_robot_bringup:/home/rehmaan/ros2-projects/install/my_cpp_pkg:/home/rehmaan/ros2-projects/install/my_robot_interfaces:/home/rehmaan/ros2-projects/src/my_cpp_pkg/install/my_cpp_pkg:/home/rehmaan/ros2/install/launch_turtle_project:/home/rehmaan/ros2/install/cpp_pkg:/home/rehmaan/ros2/install/my_custom_interfaces:/opt/ros/jazzy/opt/gz_math_vendor:/opt/ros/jazzy/opt/gz_utils_vendor:/opt/ros/jazzy/opt/gz_cmake_vendor:/home/rehmaan/ros2-projects/install/turtlesim_project:/home/rehmaan/ros2-projects/install/my_py_pkg:/home/rehmaan/ros2/install/py_pkg:/opt/ros/jazzy /usr/bin/cmake --build /home/rehmaan/sensor_fusion/build/sensors_data -- -j12 -l12
[9.954s] DEBUG:colcon.colcon_core.event_handler.log_command:Invoking command in '/home/rehmaan/sensor_fusion/build/sensors_data': CMAKE_PREFIX_PATH=/home/rehmaan/sensor_fusion/install/custom_interfaces:/home/rehmaan/sensor_fusion/install/sensors_data:/home/rehmaan/ros2-projects/install/my_robot_bringup:/home/rehmaan/ros2-projects/install/my_cpp_pkg:/home/rehmaan/ros2-projects/install/my_robot_interfaces:/home/rehmaan/ros2-projects/src/my_cpp_pkg/install/my_cpp_pkg:/home/rehmaan/ros2/install/launch_turtle_project:/home/rehmaan/ros2/install/cpp_pkg:/home/rehmaan/ros2/install/my_custom_interfaces:/opt/ros/jazzy/opt/gz_math_vendor:/opt/ros/jazzy/opt/gz_utils_vendor:/opt/ros/jazzy/opt/gz_cmake_vendor:/home/rehmaan/ros2-projects/install/turtlesim_project:/home/rehmaan/ros2-projects/install/my_py_pkg:/home/rehmaan/ros2/install/py_pkg:/opt/ros/jazzy /usr/bin/cmake --install /home/rehmaan/sensor_fusion/build/sensors_data
[9.974s] Level 1:colcon.colcon_core.environment:create_environment_scripts_only(sensors_data)
[9.974s] Level 1:colcon.colcon_core.environment:checking '/home/rehmaan/sensor_fusion/install/sensors_data' for CMake module files
[9.976s] DEBUG:colcon.colcon_core.event_handler.log_command:Invoked command in '/home/rehmaan/sensor_fusion/build/sensors_data' returned '0': CMAKE_PREFIX_PATH=/home/rehmaan/sensor_fusion/install/custom_interfaces:/home/rehmaan/sensor_fusion/install/sensors_data:/home/rehmaan/ros2-projects/install/my_robot_bringup:/home/rehmaan/ros2-projects/install/my_cpp_pkg:/home/rehmaan/ros2-projects/install/my_robot_interfaces:/home/rehmaan/ros2-projects/src/my_cpp_pkg/install/my_cpp_pkg:/home/rehmaan/ros2/install/launch_turtle_project:/home/rehmaan/ros2/install/cpp_pkg:/home/rehmaan/ros2/install/my_custom_interfaces:/opt/ros/jazzy/opt/gz_math_vendor:/opt/ros/jazzy/opt/gz_utils_vendor:/opt/ros/jazzy/opt/gz_cmake_vendor:/home/rehmaan/ros2-projects/install/turtlesim_project:/home/rehmaan/ros2-projects/install/my_py_pkg:/home/rehmaan/ros2/install/py_pkg:/opt/ros/jazzy /usr/bin/cmake --install /home/rehmaan/sensor_fusion/build/sensors_data
[9.977s] Level 1:colcon.colcon_core.environment:checking '/home/rehmaan/sensor_fusion/install/sensors_data' for CMake config files
[9.978s] Level 1:colcon.colcon_core.shell:create_environment_hook('sensors_data', 'cmake_prefix_path')
[9.978s] INFO:colcon.colcon_core.shell:Creating environment hook '/home/rehmaan/sensor_fusion/install/sensors_data/share/sensors_data/hook/cmake_prefix_path.ps1'
[9.979s] INFO:colcon.colcon_core.shell:Creating environment descriptor '/home/rehmaan/sensor_fusion/install/sensors_data/share/sensors_data/hook/cmake_prefix_path.dsv'
[9.980s] INFO:colcon.colcon_core.shell:Creating environment hook '/home/rehmaan/sensor_fusion/install/sensors_data/share/sensors_data/hook/cmake_prefix_path.sh'
[9.981s] Level 1:colcon.colcon_core.environment:checking '/home/rehmaan/sensor_fusion/install/sensors_data/lib'
[9.981s] Level 1:colcon.colcon_core.environment:checking '/home/rehmaan/sensor_fusion/install/sensors_data/bin'
[9.981s] Level 1:colcon.colcon_core.environment:checking '/home/rehmaan/sensor_fusion/install/sensors_data/lib/pkgconfig/sensors_data.pc'
[9.981s] Level 1:colcon.colcon_core.environment:checking '/home/rehmaan/sensor_fusion/install/sensors_data/lib/python3.12/site-packages'
[9.982s] Level 1:colcon.colcon_core.environment:checking '/home/rehmaan/sensor_fusion/install/sensors_data/bin'
[9.982s] INFO:colcon.colcon_core.shell:Creating package script '/home/rehmaan/sensor_fusion/install/sensors_data/share/sensors_data/package.ps1'
[9.982s] INFO:colcon.colcon_core.shell:Creating package descriptor '/home/rehmaan/sensor_fusion/install/sensors_data/share/sensors_data/package.dsv'
[9.983s] INFO:colcon.colcon_core.shell:Creating package script '/home/rehmaan/sensor_fusion/install/sensors_data/share/sensors_data/package.sh'
[9.984s] INFO:colcon.colcon_core.shell:Creating package script '/home/rehmaan/sensor_fusion/install/sensors_data/share/sensors_data/package.bash'
[9.985s] INFO:colcon.colcon_core.shell:Creating package script '/home/rehmaan/sensor_fusion/install/sensors_data/share/sensors_data/package.zsh'
[9.986s] Level 1:colcon.colcon_core.environment:create_file_with_runtime_dependencies(/home/rehmaan/sensor_fusion/install/sensors_data/share/colcon-core/packages/sensors_data)
[9.987s] Level 1:colcon.colcon_core.environment:create_environment_scripts_only(sensors_data)
[9.988s] Level 1:colcon.colcon_core.environment:checking '/home/rehmaan/sensor_fusion/install/sensors_data' for CMake module files
[9.990s] Level 1:colcon.colcon_core.environment:checking '/home/rehmaan/sensor_fusion/install/sensors_data' for CMake config files
[9.990s] Level 1:colcon.colcon_core.shell:create_environment_hook('sensors_data', 'cmake_prefix_path')
[9.990s] INFO:colcon.colcon_core.shell:Creating environment hook '/home/rehmaan/sensor_fusion/install/sensors_data/share/sensors_data/hook/cmake_prefix_path.ps1'
[9.991s] INFO:colcon.colcon_core.shell:Creating environment descriptor '/home/rehmaan/sensor_fusion/install/sensors_data/share/sensors_data/hook/cmake_prefix_path.dsv'
[9.993s] INFO:colcon.colcon_core.shell:Creating environment hook '/home/rehmaan/sensor_fusion/install/sensors_data/share/sensors_data/hook/cmake_prefix_path.sh'
[9.995s] Level 1:colcon.colcon_core.environment:checking '/home/rehmaan/sensor_fusion/install/sensors_data/lib'
[9.996s] Level 1:colcon.colcon_core.environment:checking '/home/rehmaan/sensor_fusion/install/sensors_data/bin'
[9.996s] Level 1:colcon.colcon_core.environment:checking '/home/rehmaan/sensor_fusion/install/sensors_data/lib/pkgconfig/sensors_data.pc'
[9.996s] Level 1:colcon.colcon_core.environment:checking '/home/rehmaan/sensor_fusion/install/sensors_data/lib/python3.12/site-packages'
[9.996s] Level 1:colcon.colcon_core.environment:checking '/home/rehmaan/sensor_fusion/install/sensors_data/bin'
[9.997s] INFO:colcon.colcon_core.shell:Creating package script '/home/rehmaan/sensor_fusion/install/sensors_data/share/sensors_data/package.ps1'
[9.997s] INFO:colcon.colcon_core.shell:Creating package descriptor '/home/rehmaan/sensor_fusion/install/sensors_data/share/sensors_data/package.dsv'
[9.998s] INFO:colcon.colcon_core.shell:Creating package script '/home/rehmaan/sensor_fusion/install/sensors_data/share/sensors_data/package.sh'
[9.998s] INFO:colcon.colcon_core.shell:Creating package script '/home/rehmaan/sensor_fusion/install/sensors_data/share/sensors_data/package.bash'
[9.999s] INFO:colcon.colcon_core.shell:Creating package script '/home/rehmaan/sensor_fusion/install/sensors_data/share/sensors_data/package.zsh'
[10.000s] Level 1:colcon.colcon_core.environment:create_file_with_runtime_dependencies(/home/rehmaan/sensor_fusion/install/sensors_data/share/colcon-core/packages/sensors_data)
[10.002s] DEBUG:colcon.colcon_parallel_executor.executor.parallel:closing loop
[10.002s] DEBUG:colcon.colcon_parallel_executor.executor.parallel:loop closed
[10.003s] DEBUG:colcon.colcon_parallel_executor.executor.parallel:run_until_complete finished with '0'
[10.005s] DEBUG:colcon.colcon_core.event_reactor:joining thread
[10.161s] INFO:colcon.colcon_core.plugin_system:Skipping extension 'colcon_notification.desktop_notification.notify_send': Could not find 'notify-send'
[10.162s] INFO:colcon.colcon_core.plugin_system:Skipping extension 'colcon_notification.desktop_notification.terminal_notifier': Not used on non-Darwin systems
[10.162s] INFO:colcon.colcon_core.plugin_system:Skipping extension 'colcon_notification.desktop_notification.win32': Not used on non-Windows systems
[10.162s] INFO:colcon.colcon_notification.desktop_notification:Sending desktop notification using 'notify2'
[10.163s] DEBUG:colcon.colcon_notification.desktop_notification.notify2:Failed to initialize notify2: org.freedesktop.DBus.Error.ServiceUnknown: The name org.freedesktop.Notifications was not provided by any .service files
[10.164s] DEBUG:colcon.colcon_core.event_reactor:joined thread
[10.164s] INFO:colcon.colcon_core.shell:Creating prefix script '/home/rehmaan/sensor_fusion/install/local_setup.ps1'
[10.165s] INFO:colcon.colcon_core.shell:Creating prefix util module '/home/rehmaan/sensor_fusion/install/_local_setup_util_ps1.py'
[10.166s] INFO:colcon.colcon_core.shell:Creating prefix chain script '/home/rehmaan/sensor_fusion/install/setup.ps1'
[10.167s] INFO:colcon.colcon_core.shell:Creating prefix script '/home/rehmaan/sensor_fusion/install/local_setup.sh'
[10.168s] INFO:colcon.colcon_core.shell:Creating prefix util module '/home/rehmaan/sensor_fusion/install/_local_setup_util_sh.py'
[10.169s] INFO:colcon.colcon_core.shell:Creating prefix chain script '/home/rehmaan/sensor_fusion/install/setup.sh'
[10.170s] INFO:colcon.colcon_core.shell:Creating prefix script '/home/rehmaan/sensor_fusion/install/local_setup.bash'
[10.171s] INFO:colcon.colcon_core.shell:Creating prefix chain script '/home/rehmaan/sensor_fusion/install/setup.bash'
[10.173s] INFO:colcon.colcon_core.shell:Creating prefix script '/home/rehmaan/sensor_fusion/install/local_setup.zsh'
[10.174s] INFO:colcon.colcon_core.shell:Creating prefix chain script '/home/rehmaan/sensor_fusion/install/setup.zsh'
